Archive member included because of file (symbol)

/usr/local/CrossPack-AVR-20131216/lib/gcc/avr/4.8.1/../../../../avr/lib/avr35/libm.a(cmpsf2.o)
                              K7NVH_DC_PDU.o (__ltsf2)
/usr/local/CrossPack-AVR-20131216/lib/gcc/avr/4.8.1/../../../../avr/lib/avr35/libm.a(divsf3.o)
                              K7NVH_DC_PDU.o (__divsf3)
/usr/local/CrossPack-AVR-20131216/lib/gcc/avr/4.8.1/../../../../avr/lib/avr35/libm.a(divsf3x.o)
                              /usr/local/CrossPack-AVR-20131216/lib/gcc/avr/4.8.1/../../../../avr/lib/avr35/libm.a(divsf3.o) (__divsf3x)
/usr/local/CrossPack-AVR-20131216/lib/gcc/avr/4.8.1/../../../../avr/lib/avr35/libm.a(floatsisf.o)
                              K7NVH_DC_PDU.o (__floatunsisf)
/usr/local/CrossPack-AVR-20131216/lib/gcc/avr/4.8.1/../../../../avr/lib/avr35/libm.a(fp_cmp.o)
                              /usr/local/CrossPack-AVR-20131216/lib/gcc/avr/4.8.1/../../../../avr/lib/avr35/libm.a(cmpsf2.o) (__fp_cmp)
/usr/local/CrossPack-AVR-20131216/lib/gcc/avr/4.8.1/../../../../avr/lib/avr35/libm.a(fp_inf.o)
                              /usr/local/CrossPack-AVR-20131216/lib/gcc/avr/4.8.1/../../../../avr/lib/avr35/libm.a(divsf3x.o) (__fp_inf)
/usr/local/CrossPack-AVR-20131216/lib/gcc/avr/4.8.1/../../../../avr/lib/avr35/libm.a(fp_nan.o)
                              /usr/local/CrossPack-AVR-20131216/lib/gcc/avr/4.8.1/../../../../avr/lib/avr35/libm.a(divsf3x.o) (__fp_nan)
/usr/local/CrossPack-AVR-20131216/lib/gcc/avr/4.8.1/../../../../avr/lib/avr35/libm.a(fp_pscA.o)
                              /usr/local/CrossPack-AVR-20131216/lib/gcc/avr/4.8.1/../../../../avr/lib/avr35/libm.a(divsf3x.o) (__fp_pscA)
/usr/local/CrossPack-AVR-20131216/lib/gcc/avr/4.8.1/../../../../avr/lib/avr35/libm.a(fp_pscB.o)
                              /usr/local/CrossPack-AVR-20131216/lib/gcc/avr/4.8.1/../../../../avr/lib/avr35/libm.a(divsf3x.o) (__fp_pscB)
/usr/local/CrossPack-AVR-20131216/lib/gcc/avr/4.8.1/../../../../avr/lib/avr35/libm.a(fp_round.o)
                              /usr/local/CrossPack-AVR-20131216/lib/gcc/avr/4.8.1/../../../../avr/lib/avr35/libm.a(divsf3.o) (__fp_round)
/usr/local/CrossPack-AVR-20131216/lib/gcc/avr/4.8.1/../../../../avr/lib/avr35/libm.a(fp_split3.o)
                              /usr/local/CrossPack-AVR-20131216/lib/gcc/avr/4.8.1/../../../../avr/lib/avr35/libm.a(divsf3x.o) (__fp_split3)
/usr/local/CrossPack-AVR-20131216/lib/gcc/avr/4.8.1/../../../../avr/lib/avr35/libm.a(fp_zero.o)
                              /usr/local/CrossPack-AVR-20131216/lib/gcc/avr/4.8.1/../../../../avr/lib/avr35/libm.a(divsf3x.o) (__fp_szero)
/usr/local/CrossPack-AVR-20131216/lib/gcc/avr/4.8.1/../../../../avr/lib/avr35/libm.a(gesf2.o)
                              K7NVH_DC_PDU.o (__gtsf2)
/usr/local/CrossPack-AVR-20131216/lib/gcc/avr/4.8.1/../../../../avr/lib/avr35/libm.a(mulsf3.o)
                              K7NVH_DC_PDU.o (__mulsf3)
/usr/local/CrossPack-AVR-20131216/lib/gcc/avr/4.8.1/../../../../avr/lib/avr35/libm.a(mulsf3x.o)
                              /usr/local/CrossPack-AVR-20131216/lib/gcc/avr/4.8.1/../../../../avr/lib/avr35/libm.a(mulsf3.o) (__mulsf3x)
/usr/local/CrossPack-AVR-20131216/lib/gcc/avr/4.8.1/../../../../avr/lib/avr35/libm.a(unordsf2.o)
                              K7NVH_DC_PDU.o (__unordsf2)
/usr/local/CrossPack-AVR-20131216/lib/gcc/avr/4.8.1/../../../../avr/lib/avr35/libprintf_flt.a(vfprintf_flt.o)
                              (vfprintf)
/usr/local/CrossPack-AVR-20131216/lib/gcc/avr/4.8.1/avr35/libgcc.a(_mulqi3.o)
                              /usr/local/CrossPack-AVR-20131216/lib/gcc/avr/4.8.1/../../../../avr/lib/avr35/libprintf_flt.a(vfprintf_flt.o) (__mulqi3)
/usr/local/CrossPack-AVR-20131216/lib/gcc/avr/4.8.1/avr35/libgcc.a(_mulhi3.o)
                              ../LUFA/LUFA/Drivers/USB/Class/Common/HIDParser.o (__mulhi3)
/usr/local/CrossPack-AVR-20131216/lib/gcc/avr/4.8.1/avr35/libgcc.a(_exit.o)
                              /usr/local/CrossPack-AVR-20131216/lib/gcc/avr/4.8.1/../../../../avr/lib/avr35/crtm16u2.o (exit)
/usr/local/CrossPack-AVR-20131216/lib/gcc/avr/4.8.1/avr35/libgcc.a(_copy_data.o)
                              K7NVH_DC_PDU.o (__do_copy_data)
/usr/local/CrossPack-AVR-20131216/lib/gcc/avr/4.8.1/avr35/libgcc.a(_clear_bss.o)
                              K7NVH_DC_PDU.o (__do_clear_bss)
/usr/local/CrossPack-AVR-20131216/lib/gcc/avr/4.8.1/avr35/libgcc.a(_prologue.o)
                              /usr/local/CrossPack-AVR-20131216/lib/gcc/avr/4.8.1/../../../../avr/lib/avr35/libprintf_flt.a(vfprintf_flt.o) (__prologue_saves__)
/usr/local/CrossPack-AVR-20131216/lib/gcc/avr/4.8.1/avr35/libgcc.a(_epilogue.o)
                              /usr/local/CrossPack-AVR-20131216/lib/gcc/avr/4.8.1/../../../../avr/lib/avr35/libprintf_flt.a(vfprintf_flt.o) (__epilogue_restores__)
/usr/local/CrossPack-AVR-20131216/lib/gcc/avr/4.8.1/../../../../avr/lib/avr35/libc.a(atoi.o)
                              K7NVH_DC_PDU.o (atoi)
[...]
Memory Configuration

Name             Origin             Length             Attributes
text             0x00000000         0x00010000         xr
data             0x00800060         0x0000ffa0         rw !x
eeprom           0x00810000         0x00010000         rw !x
fuse             0x00820000         0x00000400         rw !x
lock             0x00830000         0x00000400         rw !x
signature        0x00840000         0x00000400         rw !x
user_signatures  0x00850000         0x00000400         rw !x
*default*        0x00000000         0xffffffff

Linker script and memory map

Address of section .data set to 0x800100
LOAD /usr/local/CrossPack-AVR-20131216/lib/gcc/avr/4.8.1/../../../../avr/lib/avr35/crtm16u2.o
LOAD K7NVH_DC_PDU.o
LOAD Descriptors.o
LOAD ../LUFA/LUFA/Drivers/USB/Class/Common/HIDParser.o
LOAD ../LUFA/LUFA/Drivers/USB/Core/AVR8/Device_AVR8.o
LOAD ../LUFA/LUFA/Drivers/USB/Core/AVR8/EndpointStream_AVR8.o
LOAD ../LUFA/LUFA/Drivers/USB/Core/AVR8/Endpoint_AVR8.o
LOAD ../LUFA/LUFA/Drivers/USB/Core/AVR8/Host_AVR8.o
LOAD ../LUFA/LUFA/Drivers/USB/Core/AVR8/PipeStream_AVR8.o
LOAD ../LUFA/LUFA/Drivers/USB/Core/AVR8/Pipe_AVR8.o
LOAD ../LUFA/LUFA/Drivers/USB/Core/AVR8/USBController_AVR8.o
LOAD ../LUFA/LUFA/Drivers/USB/Core/AVR8/USBInterrupt_AVR8.o
LOAD ../LUFA/LUFA/Drivers/USB/Core/ConfigDescriptors.o
LOAD ../LUFA/LUFA/Drivers/USB/Core/DeviceStandardReq.o
LOAD ../LUFA/LUFA/Drivers/USB/Core/Events.o
LOAD ../LUFA/LUFA/Drivers/USB/Core/HostStandardReq.o
LOAD ../LUFA/LUFA/Drivers/USB/Core/USBTask.o
LOAD ../LUFA/LUFA/Drivers/USB/Class/Device/AudioClassDevice.o
LOAD ../LUFA/LUFA/Drivers/USB/Class/Device/CDCClassDevice.o
LOAD ../LUFA/LUFA/Drivers/USB/Class/Device/HIDClassDevice.o
LOAD ../LUFA/LUFA/Drivers/USB/Class/Device/MassStorageClassDevice.o
LOAD ../LUFA/LUFA/Drivers/USB/Class/Device/MIDIClassDevice.o
LOAD ../LUFA/LUFA/Drivers/USB/Class/Device/PrinterClassDevice.o
LOAD ../LUFA/LUFA/Drivers/USB/Class/Device/RNDISClassDevice.o
LOAD ../LUFA/LUFA/Drivers/USB/Class/Host/AndroidAccessoryClassHost.o
LOAD ../LUFA/LUFA/Drivers/USB/Class/Host/AudioClassHost.o
LOAD ../LUFA/LUFA/Drivers/USB/Class/Host/CDCClassHost.o
LOAD ../LUFA/LUFA/Drivers/USB/Class/Host/HIDClassHost.o
LOAD ../LUFA/LUFA/Drivers/USB/Class/Host/MassStorageClassHost.o
LOAD ../LUFA/LUFA/Drivers/USB/Class/Host/MIDIClassHost.o
LOAD ../LUFA/LUFA/Drivers/USB/Class/Host/PrinterClassHost.o
LOAD ../LUFA/LUFA/Drivers/USB/Class/Host/RNDISClassHost.o
LOAD ../LUFA/LUFA/Drivers/USB/Class/Host/StillImageClassHost.o
LOAD /usr/local/CrossPack-AVR-20131216/lib/gcc/avr/4.8.1/../../../../avr/lib/avr35/libm.a
LOAD /usr/local/CrossPack-AVR-20131216/lib/gcc/avr/4.8.1/../../../../avr/lib/avr35/libprintf_flt.a
LOAD /usr/local/CrossPack-AVR-20131216/lib/gcc/avr/4.8.1/../../../../avr/lib/avr35/libm.a
START GROUP
LOAD /usr/local/CrossPack-AVR-20131216/lib/gcc/avr/4.8.1/avr35/libgcc.a
LOAD /usr/local/CrossPack-AVR-20131216/lib/gcc/avr/4.8.1/../../../../avr/lib/avr35/libm.a
LOAD /usr/local/CrossPack-AVR-20131216/lib/gcc/avr/4.8.1/../../../../avr/lib/avr35/libc.a
END GROUP

.hash
 *(.hash)

.dynsym
 *(.dynsym)

.dynstr
 *(.dynstr)

.gnu.version
 *(.gnu.version)

.gnu.version_d
 *(.gnu.version_d)

.gnu.version_r
 *(.gnu.version_r)

.rel.init
 *(.rel.init)

.rela.init
 *(.rela.init)

.rel.text
 *(.rel.text)
 *(.rel.text.*)
 *(.rel.gnu.linkonce.t*)

.rela.text
 *(.rela.text)
 *(.rela.text.*)
 *(.rela.gnu.linkonce.t*)

.rel.fini
 *(.rel.fini)

.rela.fini
 *(.rela.fini)

.rel.rodata
 *(.rel.rodata)
 *(.rel.rodata.*)
 *(.rel.gnu.linkonce.r*)

.rela.rodata
 *(.rela.rodata)
 *(.rela.rodata.*)
 *(.rela.gnu.linkonce.r*)

.rel.data
 *(.rel.data)
 *(.rel.data.*)
 *(.rel.gnu.linkonce.d*)

.rela.data
 *(.rela.data)
 *(.rela.data.*)
 *(.rela.gnu.linkonce.d*)

.rel.ctors
 *(.rel.ctors)

.rela.ctors
 *(.rela.ctors)

.rel.dtors
 *(.rel.dtors)

.rela.dtors
 *(.rela.dtors)

.rel.got
 *(.rel.got)

.rela.got
 *(.rela.got)

.rel.bss
 *(.rel.bss)

.rela.bss
 *(.rela.bss)

.rel.plt
 *(.rel.plt)

.rela.plt
 *(.rela.plt)

.text           0x00000000     0x2770
 *(.vectors)
 .vectors       0x00000000       0x74 /usr/local/CrossPack-AVR-20131216/lib/gcc/avr/4.8.1/../../../../avr/lib/avr35/crtm16u2.o
                0x00000000                __vectors
                0x00000000                __vector_default
 *(.vectors)
 *(.progmem.gcc*)
                0x00000074                . = ALIGN (0x2)
                0x00000074                __trampolines_start = .
 *(.trampolines)
 .trampolines   0x00000074        0x0 linker stubs
 *(.trampolines*)
                0x00000074                __trampolines_end = .
 *(.progmem*)
 .progmem.data  0x00000074      0x141 K7NVH_DC_PDU.o
                0x0000016f                STR_Port_8_Sense
                0x0000017f                STR_Port_Default
                0x0000018f                STR_Port_Init
                0x0000019c                STR_Disabled
                0x000001a5                STR_Enabled
                0x000001ad                STR_NR_Port
 .progmem.data  0x000001b5       0x7c Descriptors.o
                0x000001b5                ProductString
                0x000001cf                ManufacturerString
                0x000001dd                LanguageString
                0x000001e1                ConfigurationDescriptor
                0x0000021f                DeviceDescriptor
 .progmem.data  0x00000231        0x8 /usr/local/CrossPack-AVR-20131216/lib/gcc/avr/4.8.1/../../../../avr/lib/avr35/libprintf_flt.a(vfprintf_flt.o)
 .progmem.data  0x00000239       0xfa /usr/local/CrossPack-AVR-20131216/lib/gcc/avr/4.8.1/../../../../avr/lib/avr35/libc.a(ftoa_engine.o)
                0x00000334                . = ALIGN (0x2)
 *fill*         0x00000333        0x1 
 *(.jumptables)
 *(.jumptables*)
 *(.lowtext)
 *(.lowtext*)
                0x00000334                __ctors_start = .
 *(.ctors)
                0x00000334                __ctors_end = .
                0x00000334                __dtors_start = .
 *(.dtors)
                0x00000334                __dtors_end = .
 SORT(*)(.ctors)
 SORT(*)(.dtors)
 *(.init0)
 .init0         0x00000334        0x0 /usr/local/CrossPack-AVR-20131216/lib/gcc/avr/4.8.1/../../../../avr/lib/avr35/crtm16u2.o
                0x00000334                __init
 *(.init0)
 *(.init1)
 *(.init1)
 *(.init2)
 .init2         0x00000334        0xc /usr/local/CrossPack-AVR-20131216/lib/gcc/avr/4.8.1/../../../../avr/lib/avr35/crtm16u2.o
 *(.init2)
 *(.init3)
 *(.init3)
 *(.init4)
 .init4         0x00000340       0x16 /usr/local/CrossPack-AVR-20131216/lib/gcc/avr/4.8.1/avr35/libgcc.a(_copy_data.o)
                0x00000340                __do_copy_data
 .init4         0x00000356       0x10 /usr/local/CrossPack-AVR-20131216/lib/gcc/avr/4.8.1/avr35/libgcc.a(_clear_bss.o)
                0x00000356                __do_clear_bss
 *(.init4)
 *(.init5)
 *(.init5)
 *(.init6)
 *(.init6)
 *(.init7)
 *(.init7)
 *(.init8)
 *(.init8)
 *(.init9)
 .init9         0x00000366        0x6 /usr/local/CrossPack-AVR-20131216/lib/gcc/avr/4.8.1/../../../../avr/lib/avr35/crtm16u2.o
 *(.init9)
 *(.text)
 .text          0x0000036c        0x2 /usr/local/CrossPack-AVR-20131216/lib/gcc/avr/4.8.1/../../../../avr/lib/avr35/crtm16u2.o
                0x0000036c                __vector_20
                0x0000036c                __vector_28
                0x0000036c                __vector_1
                0x0000036c                __vector_24
                0x0000036c                __bad_interrupt
                0x0000036c                __vector_6
                0x0000036c                __vector_3
                0x0000036c                __vector_23
                0x0000036c                __vector_25
                0x0000036c                __vector_13
                0x0000036c                __vector_17
                0x0000036c                __vector_19
                0x0000036c                __vector_7
                0x0000036c                __vector_27
                0x0000036c                __vector_5
                0x0000036c                __vector_4
                0x0000036c                __vector_9
                0x0000036c                __vector_2
                0x0000036c                __vector_21
                0x0000036c                __vector_15
                0x0000036c                __vector_8
                0x0000036c                __vector_26
                0x0000036c                __vector_14
                0x0000036c                __vector_10
                0x0000036c                __vector_16
                0x0000036c                __vector_18
                0x0000036c                __vector_22
                0x0000036e                . = ALIGN (0x2)
 *(.text.*)
 .text.printPGMStr
                0x0000036e       0x26 K7NVH_DC_PDU.o
 .text.INPUT_Clear
                0x00000394       0x18 K7NVH_DC_PDU.o
 .text.EEPROM_Write_Port_Defaults
                0x000003ac       0x2e K7NVH_DC_PDU.o
 .text.run_lufa
                0x000003da        0xc K7NVH_DC_PDU.o
 .text.PORT_CTL
                0x000003e6       0x70 K7NVH_DC_PDU.o
 .text.ADC_Read_Raw
                0x00000456       0x36 K7NVH_DC_PDU.o
 .text.startup.main
                0x0000048c      0x88a K7NVH_DC_PDU.o
                0x0000048c                main
 .text.EVENT_USB_Device_Connect
                0x00000d16        0x2 K7NVH_DC_PDU.o
                0x00000d16                EVENT_USB_Device_Connect
 .text.EVENT_USB_Device_Disconnect
                0x00000d18        0x2 K7NVH_DC_PDU.o
                0x00000d18                EVENT_USB_Device_Disconnect
 .text.EVENT_USB_Device_ConfigurationChanged
                0x00000d1a        0x6 K7NVH_DC_PDU.o
                0x00000d1a                EVENT_USB_Device_ConfigurationChanged
 .text.EVENT_USB_Device_ControlRequest
                0x00000d20        0x6 K7NVH_DC_PDU.o
                0x00000d20                EVENT_USB_Device_ControlRequest
 .text.CALLBACK_USB_GetDescriptor
                0x00000d26       0x64 Descriptors.o
                0x00000d26                CALLBACK_USB_GetDescriptor
 .text.Endpoint_Write_Control_Stream_LE
                0x00000d8a       0xc6 ../LUFA/LUFA/Drivers/USB/Core/AVR8/EndpointStream_AVR8.o
                0x00000d8a                Endpoint_Write_Control_Stream_LE
 .text.Endpoint_Write_Control_PStream_LE
                0x00000e50       0xc8 ../LUFA/LUFA/Drivers/USB/Core/AVR8/EndpointStream_AVR8.o
                0x00000e50                Endpoint_Write_Control_PStream_LE
 .text.Endpoint_ConfigureEndpoint_Prv
                0x00000f18       0x6a ../LUFA/LUFA/Drivers/USB/Core/AVR8/Endpoint_AVR8.o
                0x00000f18                Endpoint_ConfigureEndpoint_Prv
 .text.Endpoint_ConfigureEndpointTable
                0x00000f82       0x78 ../LUFA/LUFA/Drivers/USB/Core/AVR8/Endpoint_AVR8.o
                0x00000f82                Endpoint_ConfigureEndpointTable
 .text.Endpoint_ClearStatusStage
                0x00000ffa       0x42 ../LUFA/LUFA/Drivers/USB/Core/AVR8/Endpoint_AVR8.o
                0x00000ffa                Endpoint_ClearStatusStage
 .text.Endpoint_WaitUntilReady
                0x0000103c       0x60 ../LUFA/LUFA/Drivers/USB/Core/AVR8/Endpoint_AVR8.o
                0x0000103c                Endpoint_WaitUntilReady
 .text.USB_ResetInterface
                0x0000109c       0x72 ../LUFA/LUFA/Drivers/USB/Core/AVR8/USBController_AVR8.o
                0x0000109c                USB_ResetInterface
 .text.USB_Init
                0x0000110e       0x12 ../LUFA/LUFA/Drivers/USB/Core/AVR8/USBController_AVR8.o
                0x0000110e                USB_Init
 .text.USB_INT_DisableAllInterrupts
                0x00001120        0x6 ../LUFA/LUFA/Drivers/USB/Core/AVR8/USBInterrupt_AVR8.o
                0x00001120                USB_INT_DisableAllInterrupts
 .text.USB_INT_ClearAllInterrupts
                0x00001126        0x6 ../LUFA/LUFA/Drivers/USB/Core/AVR8/USBInterrupt_AVR8.o
                0x00001126                USB_INT_ClearAllInterrupts
 .text.__vector_11
                0x0000112c      0x152 ../LUFA/LUFA/Drivers/USB/Core/AVR8/USBInterrupt_AVR8.o
                0x0000112c                __vector_11
 .text.__vector_12
                0x0000127e       0x76 ../LUFA/LUFA/Drivers/USB/Core/AVR8/USBInterrupt_AVR8.o
                0x0000127e                __vector_12
 .text.USB_Device_ProcessControlRequest
                0x000012f4      0x2a2 ../LUFA/LUFA/Drivers/USB/Core/DeviceStandardReq.o
                0x000012f4                USB_Device_ProcessControlRequest
 .text.USB_Event_Stub
                0x00001596        0x2 ../LUFA/LUFA/Drivers/USB/Core/Events.o
                0x00001596                EVENT_USB_Device_WakeUp
                0x00001596                USB_Event_Stub
                0x00001596                EVENT_USB_Device_Suspend
                0x00001596                EVENT_USB_Device_StartOfFrame
                0x00001596                EVENT_USB_Device_Reset
 .text.USB_USBTask
                0x00001598       0x38 ../LUFA/LUFA/Drivers/USB/Core/USBTask.o
                0x00001598                USB_USBTask
 .text.CDC_Device_ConfigureEndpoints
                0x000015d0       0x4a ../LUFA/LUFA/Drivers/USB/Class/Device/CDCClassDevice.o
                0x000015d0                CDC_Device_ConfigureEndpoints
 .text.CDC_Device_SendByte
                0x0000161a       0x4e ../LUFA/LUFA/Drivers/USB/Class/Device/CDCClassDevice.o
                0x0000161a                CDC_Device_SendByte
 .text.CDC_Device_putchar
                0x00001668       0x20 ../LUFA/LUFA/Drivers/USB/Class/Device/CDCClassDevice.o
 .text.CDC_Device_Flush
                0x00001688       0x54 ../LUFA/LUFA/Drivers/USB/Class/Device/CDCClassDevice.o
                0x00001688                CDC_Device_Flush
 .text.CDC_Device_USBTask
                0x000016dc       0x2c ../LUFA/LUFA/Drivers/USB/Class/Device/CDCClassDevice.o
                0x000016dc                CDC_Device_USBTask
 .text.CDC_Device_ReceiveByte
                0x00001708       0x5a ../LUFA/LUFA/Drivers/USB/Class/Device/CDCClassDevice.o
                0x00001708                CDC_Device_ReceiveByte
 .text.CDC_Device_getchar
                0x00001762       0x12 ../LUFA/LUFA/Drivers/USB/Class/Device/CDCClassDevice.o
 .text.CDC_Device_CreateStream
                0x00001774       0x26 ../LUFA/LUFA/Drivers/USB/Class/Device/CDCClassDevice.o
                0x00001774                CDC_Device_CreateStream
 .text.CDC_Device_Event_Stub
                0x0000179a        0x2 ../LUFA/LUFA/Drivers/USB/Class/Device/CDCClassDevice.o
                0x0000179a                EVENT_CDC_Device_LineEncodingChanged
                0x0000179a                EVENT_CDC_Device_ControLineStateChanged
                0x0000179a                EVENT_CDC_Device_BreakSent
                0x0000179a                CDC_Device_Event_Stub
 .text.CDC_Device_ProcessControlRequest
                0x0000179c      0x160 ../LUFA/LUFA/Drivers/USB/Class/Device/CDCClassDevice.o
                0x0000179c                CDC_Device_ProcessControlRequest
 .text.avr-libc.fplib
                0x000018fc        0x8 /usr/local/CrossPack-AVR-20131216/lib/gcc/avr/4.8.1/../../../../avr/lib/avr35/libm.a(cmpsf2.o)
                0x000018fc                __lesf2
                0x000018fc                __nesf2
                0x000018fc                __eqsf2
                0x000018fc                __cmpsf2
                0x000018fc                __ltsf2
 .text.avr-libc.fplib
                0x00001904        0x4 /usr/local/CrossPack-AVR-20131216/lib/gcc/avr/4.8.1/../../../../avr/lib/avr35/libm.a(divsf3.o)
                0x00001904                __divsf3
 .text.avr-libc.fplib
                0x00001908       0xcc /usr/local/CrossPack-AVR-20131216/lib/gcc/avr/4.8.1/../../../../avr/lib/avr35/libm.a(divsf3x.o)
                0x0000191e                __divsf3x
                0x00001922                __divsf3_pse
 .text.avr-libc.fplib
                0x000019d4       0x7a /usr/local/CrossPack-AVR-20131216/lib/gcc/avr/4.8.1/../../../../avr/lib/avr35/libm.a(floatsisf.o)
                0x000019d4                __floatunsisf
                0x000019d8                __floatsisf
 .text.avr-libc.fplib
                0x00001a4e       0x48 /usr/local/CrossPack-AVR-20131216/lib/gcc/avr/4.8.1/../../../../avr/lib/avr35/libm.a(fp_cmp.o)
                0x00001a4e                __fp_cmp
 .text.avr-libc.fplib
                0x00001a96        0xc /usr/local/CrossPack-AVR-20131216/lib/gcc/avr/4.8.1/../../../../avr/lib/avr35/libm.a(fp_inf.o)
                0x00001a96                __fp_inf
 .text.avr-libc.fplib
                0x00001aa2        0x6 /usr/local/CrossPack-AVR-20131216/lib/gcc/avr/4.8.1/../../../../avr/lib/avr35/libm.a(fp_nan.o)
                0x00001aa2                __fp_nan
 .text.avr-libc.fplib
                0x00001aa8        0xe /usr/local/CrossPack-AVR-20131216/lib/gcc/avr/4.8.1/../../../../avr/lib/avr35/libm.a(fp_pscA.o)
                0x00001aa8                __fp_pscA
 .text.avr-libc.fplib
                0x00001ab6        0xe /usr/local/CrossPack-AVR-20131216/lib/gcc/avr/4.8.1/../../../../avr/lib/avr35/libm.a(fp_pscB.o)
                0x00001ab6                __fp_pscB
 .text.avr-libc.fplib
                0x00001ac4       0x22 /usr/local/CrossPack-AVR-20131216/lib/gcc/avr/4.8.1/../../../../avr/lib/avr35/libm.a(fp_round.o)
                0x00001ac4                __fp_round
 .text.avr-libc.fplib
                0x00001ae6       0x44 /usr/local/CrossPack-AVR-20131216/lib/gcc/avr/4.8.1/../../../../avr/lib/avr35/libm.a(fp_split3.o)
                0x00001ae6                __fp_split3
                0x00001af6                __fp_splitA
 .text.avr-libc.fplib
                0x00001b2a        0xe /usr/local/CrossPack-AVR-20131216/lib/gcc/avr/4.8.1/../../../../avr/lib/avr35/libm.a(fp_zero.o)
                0x00001b2a                __fp_zero
                0x00001b2c                __fp_szero
 .text.avr-libc.fplib
                0x00001b38        0x8 /usr/local/CrossPack-AVR-20131216/lib/gcc/avr/4.8.1/../../../../avr/lib/avr35/libm.a(gesf2.o)
                0x00001b38                __gtsf2
                0x00001b38                __gesf2
 .text.avr-libc.fplib
                0x00001b40        0x4 /usr/local/CrossPack-AVR-20131216/lib/gcc/avr/4.8.1/../../../../avr/lib/avr35/libm.a(mulsf3.o)
                0x00001b40                __mulsf3
 .text.avr-libc.fplib
                0x00001b44       0xd2 /usr/local/CrossPack-AVR-20131216/lib/gcc/avr/4.8.1/../../../../avr/lib/avr35/libm.a(mulsf3x.o)
                0x00001b56                __mulsf3x
                0x00001b5a                __mulsf3_pse
 .text.avr-libc.fplib
                0x00001c16        0x8 /usr/local/CrossPack-AVR-20131216/lib/gcc/avr/4.8.1/../../../../avr/lib/avr35/libm.a(unordsf2.o)
                0x00001c16                __unordsf2
 .text.avr-libc
                0x00001c1e      0x6b8 /usr/local/CrossPack-AVR-20131216/lib/gcc/avr/4.8.1/../../../../avr/lib/avr35/libprintf_flt.a(vfprintf_flt.o)
                0x00001c1e                vfprintf
 .text.libgcc.mul
                0x000022d6       0x12 /usr/local/CrossPack-AVR-20131216/lib/gcc/avr/4.8.1/avr35/libgcc.a(_mulqi3.o)
                0x000022d6                __mulqi3
 .text.libgcc.prologue
                0x000022e8       0x38 /usr/local/CrossPack-AVR-20131216/lib/gcc/avr/4.8.1/avr35/libgcc.a(_prologue.o)
                0x000022e8                __prologue_saves__
 .text.libgcc.prologue
                0x00002320       0x36 /usr/local/CrossPack-AVR-20131216/lib/gcc/avr/4.8.1/avr35/libgcc.a(_epilogue.o)
                0x00002320                __epilogue_restores__
 .text.avr-libc
                0x00002356       0x3a /usr/local/CrossPack-AVR-20131216/lib/gcc/avr/4.8.1/../../../../avr/lib/avr35/libc.a(atoi.o)
                0x00002356                atoi
 .text.avr-libc
                0x00002390      0x1b0 /usr/local/CrossPack-AVR-20131216/lib/gcc/avr/4.8.1/../../../../avr/lib/avr35/libc.a(ftoa_engine.o)
                0x00002390                __ftoa_engine
 .text.avr-libc
                0x00002540       0x12 /usr/local/CrossPack-AVR-20131216/lib/gcc/avr/4.8.1/../../../../avr/lib/avr35/libc.a(strcmp_P.o)
                0x00002540                strcmp_P
 .text.avr-libc
                0x00002552       0x1c /usr/local/CrossPack-AVR-20131216/lib/gcc/avr/4.8.1/../../../../avr/lib/avr35/libc.a(strncmp_P.o)
                0x00002552                strncmp_P
 .text.avr-libc
                0x0000256e       0x16 /usr/local/CrossPack-AVR-20131216/lib/gcc/avr/4.8.1/../../../../avr/lib/avr35/libc.a(strnlen_P.o)
                0x0000256e                strnlen_P
 .text.avr-libc
                0x00002584       0x1e /usr/local/CrossPack-AVR-20131216/lib/gcc/avr/4.8.1/../../../../avr/lib/avr35/libc.a(strncpy.o)
                0x00002584                strncpy
 .text.avr-libc
                0x000025a2       0x16 /usr/local/CrossPack-AVR-20131216/lib/gcc/avr/4.8.1/../../../../avr/lib/avr35/libc.a(strnlen.o)
                0x000025a2                strnlen
 .text.avr-libc
                0x000025b8       0x14 /usr/local/CrossPack-AVR-20131216/lib/gcc/avr/4.8.1/../../../../avr/lib/avr35/libc.a(mul10.o)
                0x000025b8                __mulhi_const_10
 .text.avr-libc
                0x000025cc       0x1e /usr/local/CrossPack-AVR-20131216/lib/gcc/avr/4.8.1/../../../../avr/lib/avr35/libc.a(fprintf.o)
                0x000025cc                fprintf
 .text.avr-libc
                0x000025ea       0x64 /usr/local/CrossPack-AVR-20131216/lib/gcc/avr/4.8.1/../../../../avr/lib/avr35/libc.a(fputc.o)
                0x000025ea                fputc
 .text.avr-libc
                0x0000264e       0xc0 /usr/local/CrossPack-AVR-20131216/lib/gcc/avr/4.8.1/../../../../avr/lib/avr35/libc.a(ultoa_invert.o)
                0x0000264e                __ultoa_invert
 .text.avr-libc
                0x0000270e       0x20 /usr/local/CrossPack-AVR-20131216/lib/gcc/avr/4.8.1/../../../../avr/lib/avr35/libc.a(eerd_block_atmega16u2.o)
                0x0000270e                __eerd_block_m16u2
                0x00002712                __eerd_blraw_m16u2
 .text.avr-libc
                0x0000272e       0x10 /usr/local/CrossPack-AVR-20131216/lib/gcc/avr/4.8.1/../../../../avr/lib/avr35/libc.a(eerd_byte_atmega16u2.o)
                0x0000272e                __eerd_byte_m16u2
 .text.avr-libc
                0x0000273e        0xa /usr/local/CrossPack-AVR-20131216/lib/gcc/avr/4.8.1/../../../../avr/lib/avr35/libc.a(eerd_dword_atmega16u2.o)
                0x0000273e                __eerd_dword_m16u2
                0x0000273e                __eerd_float_m16u2
 .text.avr-libc
                0x00002748       0x24 /usr/local/CrossPack-AVR-20131216/lib/gcc/avr/4.8.1/../../../../avr/lib/avr35/libc.a(eeupd_byte_atmega16u2.o)
                0x00002748                __eeupd_byte_m16u2
                0x0000274a                __eeupd_r18_m16u2
                0x0000276c                . = ALIGN (0x2)
 *(.fini9)
 .fini9         0x0000276c        0x0 /usr/local/CrossPack-AVR-20131216/lib/gcc/avr/4.8.1/avr35/libgcc.a(_exit.o)
                0x0000276c                exit
                0x0000276c                _exit
 *(.fini9)
 *(.fini8)
 *(.fini8)
 *(.fini7)
 *(.fini7)
 *(.fini6)
 *(.fini6)
 *(.fini5)
 *(.fini5)
 *(.fini4)
 *(.fini4)
 *(.fini3)
 *(.fini3)
 *(.fini2)
 *(.fini2)
 *(.fini1)
 *(.fini1)
 *(.fini0)
 .fini0         0x0000276c        0x4 /usr/local/CrossPack-AVR-20131216/lib/gcc/avr/4.8.1/avr35/libgcc.a(_exit.o)
 *(.fini0)
                0x00002770                _etext = .

.data           0x00800100       0x5a load address 0x00002770
                0x00800100                PROVIDE (__data_start, .)
 *(.data)
 .data          0x00800100        0x0 /usr/local/CrossPack-AVR-20131216/lib/gcc/avr/4.8.1/../../../../avr/lib/avr35/crtm16u2.o
 .data          0x00800100       0x23 K7NVH_DC_PDU.o
                0x00800100                VirtualSerial_CDC_Interface
                0x0080011b                ADC_Ports
 .data          0x00800123        0x0 Descriptors.o
 .data          0x00800123        0x0 ../LUFA/LUFA/Drivers/USB/Class/Common/HIDParser.o
 .data          0x00800123        0x0 ../LUFA/LUFA/Drivers/USB/Core/AVR8/Device_AVR8.o
 .data          0x00800123        0x0 ../LUFA/LUFA/Drivers/USB/Core/AVR8/EndpointStream_AVR8.o
 .data          0x00800123        0x0 ../LUFA/LUFA/Drivers/USB/Core/AVR8/Endpoint_AVR8.o
 .data          0x00800123        0x0 ../LUFA/LUFA/Drivers/USB/Core/AVR8/Host_AVR8.o
 .data          0x00800123        0x0 ../LUFA/LUFA/Drivers/USB/Core/AVR8/PipeStream_AVR8.o
 .data          0x00800123        0x0 ../LUFA/LUFA/Drivers/USB/Core/AVR8/Pipe_AVR8.o
 .data          0x00800123        0x0 ../LUFA/LUFA/Drivers/USB/Core/AVR8/USBController_AVR8.o
 .data          0x00800123        0x0 ../LUFA/LUFA/Drivers/USB/Core/AVR8/USBInterrupt_AVR8.o
 .data          0x00800123        0x0 ../LUFA/LUFA/Drivers/USB/Core/ConfigDescriptors.o
 .data          0x00800123        0x0 ../LUFA/LUFA/Drivers/USB/Core/DeviceStandardReq.o
 .data          0x00800123        0x0 ../LUFA/LUFA/Drivers/USB/Core/Events.o
 .data          0x00800123        0x0 ../LUFA/LUFA/Drivers/USB/Core/HostStandardReq.o
 .data          0x00800123        0x0 ../LUFA/LUFA/Drivers/USB/Core/USBTask.o
 .data          0x00800123        0x0 ../LUFA/LUFA/Drivers/USB/Class/Device/AudioClassDevice.o
 .data          0x00800123        0x0 ../LUFA/LUFA/Drivers/USB/Class/Device/CDCClassDevice.o
 .data          0x00800123        0x0 ../LUFA/LUFA/Drivers/USB/Class/Device/HIDClassDevice.o
 .data          0x00800123        0x0 ../LUFA/LUFA/Drivers/USB/Class/Device/MassStorageClassDevice.o
 .data          0x00800123        0x0 ../LUFA/LUFA/Drivers/USB/Class/Device/MIDIClassDevice.o
 .data          0x00800123        0x0 ../LUFA/LUFA/Drivers/USB/Class/Device/PrinterClassDevice.o
 .data          0x00800123        0x0 ../LUFA/LUFA/Drivers/USB/Class/Device/RNDISClassDevice.o
 .data          0x00800123        0x0 ../LUFA/LUFA/Drivers/USB/Class/Host/AndroidAccessoryClassHost.o
 .data          0x00800123        0x0 ../LUFA/LUFA/Drivers/USB/Class/Host/AudioClassHost.o
 .data          0x00800123        0x0 ../LUFA/LUFA/Drivers/USB/Class/Host/CDCClassHost.o
 .data          0x00800123        0x0 ../LUFA/LUFA/Drivers/USB/Class/Host/HIDClassHost.o
 .data          0x00800123        0x0 ../LUFA/LUFA/Drivers/USB/Class/Host/MassStorageClassHost.o
 .data          0x00800123        0x0 ../LUFA/LUFA/Drivers/USB/Class/Host/MIDIClassHost.o
 .data          0x00800123        0x0 ../LUFA/LUFA/Drivers/USB/Class/Host/PrinterClassHost.o
 .data          0x00800123        0x0 ../LUFA/LUFA/Drivers/USB/Class/Host/RNDISClassHost.o
 .data          0x00800123        0x0 ../LUFA/LUFA/Drivers/USB/Class/Host/StillImageClassHost.o
 .data          0x00800123        0x0 /usr/local/CrossPack-AVR-20131216/lib/gcc/avr/4.8.1/../../../../avr/lib/avr35/libm.a(cmpsf2.o)
 .data          0x00800123        0x0 /usr/local/CrossPack-AVR-20131216/lib/gcc/avr/4.8.1/../../../../avr/lib/avr35/libm.a(divsf3.o)
 .data          0x00800123        0x0 /usr/local/CrossPack-AVR-20131216/lib/gcc/avr/4.8.1/../../../../avr/lib/avr35/libm.a(divsf3x.o)
 .data          0x00800123        0x0 /usr/local/CrossPack-AVR-20131216/lib/gcc/avr/4.8.1/../../../../avr/lib/avr35/libm.a(floatsisf.o)
 .data          0x00800123        0x0 /usr/local/CrossPack-AVR-20131216/lib/gcc/avr/4.8.1/../../../../avr/lib/avr35/libm.a(fp_cmp.o)
 .data          0x00800123        0x0 /usr/local/CrossPack-AVR-20131216/lib/gcc/avr/4.8.1/../../../../avr/lib/avr35/libm.a(fp_inf.o)
 .data          0x00800123        0x0 /usr/local/CrossPack-AVR-20131216/lib/gcc/avr/4.8.1/../../../../avr/lib/avr35/libm.a(fp_nan.o)
 .data          0x00800123        0x0 /usr/local/CrossPack-AVR-20131216/lib/gcc/avr/4.8.1/../../../../avr/lib/avr35/libm.a(fp_pscA.o)
 .data          0x00800123        0x0 /usr/local/CrossPack-AVR-20131216/lib/gcc/avr/4.8.1/../../../../avr/lib/avr35/libm.a(fp_pscB.o)
 .data          0x00800123        0x0 /usr/local/CrossPack-AVR-20131216/lib/gcc/avr/4.8.1/../../../../avr/lib/avr35/libm.a(fp_round.o)
 .data          0x00800123        0x0 /usr/local/CrossPack-AVR-20131216/lib/gcc/avr/4.8.1/../../../../avr/lib/avr35/libm.a(fp_split3.o)
 .data          0x00800123        0x0 /usr/local/CrossPack-AVR-20131216/lib/gcc/avr/4.8.1/../../../../avr/lib/avr35/libm.a(fp_zero.o)
 .data          0x00800123        0x0 /usr/local/CrossPack-AVR-20131216/lib/gcc/avr/4.8.1/../../../../avr/lib/avr35/libm.a(gesf2.o)
 .data          0x00800123        0x0 /usr/local/CrossPack-AVR-20131216/lib/gcc/avr/4.8.1/../../../../avr/lib/avr35/libm.a(mulsf3.o)
 .data          0x00800123        0x0 /usr/local/CrossPack-AVR-20131216/lib/gcc/avr/4.8.1/../../../../avr/lib/avr35/libm.a(mulsf3x.o)
 .data          0x00800123        0x0 /usr/local/CrossPack-AVR-20131216/lib/gcc/avr/4.8.1/../../../../avr/lib/avr35/libm.a(unordsf2.o)
 .data          0x00800123        0x0 /usr/local/CrossPack-AVR-20131216/lib/gcc/avr/4.8.1/../../../../avr/lib/avr35/libprintf_flt.a(vfprintf_flt.o)
 .data          0x00800123        0x0 /usr/local/CrossPack-AVR-20131216/lib/gcc/avr/4.8.1/avr35/libgcc.a(_mulqi3.o)
 .data          0x00800123        0x0 /usr/local/CrossPack-AVR-20131216/lib/gcc/avr/4.8.1/avr35/libgcc.a(_mulhi3.o)
 .data          0x00800123        0x0 /usr/local/CrossPack-AVR-20131216/lib/gcc/avr/4.8.1/avr35/libgcc.a(_exit.o)
 .data          0x00800123        0x0 /usr/local/CrossPack-AVR-20131216/lib/gcc/avr/4.8.1/avr35/libgcc.a(_copy_data.o)
 .data          0x00800123        0x0 /usr/local/CrossPack-AVR-20131216/lib/gcc/avr/4.8.1/avr35/libgcc.a(_clear_bss.o)
 .data          0x00800123        0x0 /usr/local/CrossPack-AVR-20131216/lib/gcc/avr/4.8.1/avr35/libgcc.a(_prologue.o)
 .data          0x00800123        0x0 /usr/local/CrossPack-AVR-20131216/lib/gcc/avr/4.8.1/avr35/libgcc.a(_epilogue.o)
 .data          0x00800123        0x0 /usr/local/CrossPack-AVR-20131216/lib/gcc/avr/4.8.1/../../../../avr/lib/avr35/libc.a(atoi.o)
 .data          0x00800123        0x0 /usr/local/CrossPack-AVR-20131216/lib/gcc/avr/4.8.1/../../../../avr/lib/avr35/libc.a(ftoa_engine.o)
 .data          0x00800123        0x0 /usr/local/CrossPack-AVR-20131216/lib/gcc/avr/4.8.1/../../../../avr/lib/avr35/libc.a(memcpy_P.o)
 .data          0x00800123        0x0 /usr/local/CrossPack-AVR-20131216/lib/gcc/avr/4.8.1/../../../../avr/lib/avr35/libc.a(strcmp_P.o)
 .data          0x00800123        0x0 /usr/local/CrossPack-AVR-20131216/lib/gcc/avr/4.8.1/../../../../avr/lib/avr35/libc.a(strncmp_P.o)
 .data          0x00800123        0x0 /usr/local/CrossPack-AVR-20131216/lib/gcc/avr/4.8.1/../../../../avr/lib/avr35/libc.a(strnlen_P.o)
 .data          0x00800123        0x0 /usr/local/CrossPack-AVR-20131216/lib/gcc/avr/4.8.1/../../../../avr/lib/avr35/libc.a(memcmp.o)
 .data          0x00800123        0x0 /usr/local/CrossPack-AVR-20131216/lib/gcc/avr/4.8.1/../../../../avr/lib/avr35/libc.a(memcpy.o)
 .data          0x00800123        0x0 /usr/local/CrossPack-AVR-20131216/lib/gcc/avr/4.8.1/../../../../avr/lib/avr35/libc.a(memset.o)
 .data          0x00800123        0x0 /usr/local/CrossPack-AVR-20131216/lib/gcc/avr/4.8.1/../../../../avr/lib/avr35/libc.a(strncpy.o)
 .data          0x00800123        0x0 /usr/local/CrossPack-AVR-20131216/lib/gcc/avr/4.8.1/../../../../avr/lib/avr35/libc.a(strnlen.o)
 .data          0x00800123        0x0 /usr/local/CrossPack-AVR-20131216/lib/gcc/avr/4.8.1/../../../../avr/lib/avr35/libc.a(mul10.o)
 .data          0x00800123        0x0 /usr/local/CrossPack-AVR-20131216/lib/gcc/avr/4.8.1/../../../../avr/lib/avr35/libc.a(fprintf.o)
 .data          0x00800123        0x0 /usr/local/CrossPack-AVR-20131216/lib/gcc/avr/4.8.1/../../../../avr/lib/avr35/libc.a(fputc.o)
 .data          0x00800123        0x0 /usr/local/CrossPack-AVR-20131216/lib/gcc/avr/4.8.1/../../../../avr/lib/avr35/libc.a(ultoa_invert.o)
 .data          0x00800123        0x0 /usr/local/CrossPack-AVR-20131216/lib/gcc/avr/4.8.1/../../../../avr/lib/avr35/libc.a(eerd_block_atmega16u2.o)
 .data          0x00800123        0x0 /usr/local/CrossPack-AVR-20131216/lib/gcc/avr/4.8.1/../../../../avr/lib/avr35/libc.a(eerd_byte_atmega16u2.o)
 .data          0x00800123        0x0 /usr/local/CrossPack-AVR-20131216/lib/gcc/avr/4.8.1/../../../../avr/lib/avr35/libc.a(eerd_dword_atmega16u2.o)
 .data          0x00800123        0x0 /usr/local/CrossPack-AVR-20131216/lib/gcc/avr/4.8.1/../../../../avr/lib/avr35/libc.a(eeupd_byte_atmega16u2.o)
 *(.data*)
 *(.rodata)
 *(.rodata*)
 .rodata.str1.1
                0x00800123       0x37 K7NVH_DC_PDU.o
                                 0x3f (size before relaxing)
 *(.gnu.linkonce.d*)
                0x0080015a                . = ALIGN (0x2)
                0x0080015a                _edata = .
                0x0080015a                PROVIDE (__data_end, .)

.bss            0x0080015a       0x55
                0x0080015a                PROVIDE (__bss_start, .)
 *(.bss)
 .bss           0x0080015a       0x13 K7NVH_DC_PDU.o
                0x0080015a                DATA_IN_POS
                0x0080015b                STEP_V
 *(.bss*)
 *(COMMON)
 COMMON         0x0080016d       0x35 K7NVH_DC_PDU.o
                0x0080016d                REF_V
                0x00800171                PORT_STATE
                0x00800179                DATA_IN
                0x00800199                PORT_DEF
                0x008001a1                PORT8_SENSE
 COMMON         0x008001a2        0x3 ../LUFA/LUFA/Drivers/USB/Core/DeviceStandardReq.o
                0x008001a2                USB_Device_ConfigurationNumber
                0x008001a3                USB_Device_CurrentlySelfPowered
                0x008001a4                USB_Device_RemoteWakeupEnabled
 COMMON         0x008001a5        0xa ../LUFA/LUFA/Drivers/USB/Core/USBTask.o
                0x008001a5                USB_IsInitialized
                0x008001a6                USB_DeviceState
                0x008001a7                USB_ControlRequest
                0x008001af                PROVIDE (__bss_end, .)
                0x00002770                __data_load_start = LOADADDR (.data)
                0x000027ca                __data_load_end = (__data_load_start + SIZEOF (.data))

.noinit         0x008001af        0x0
                0x008001af                PROVIDE (__noinit_start, .)
 *(.noinit*)
                0x008001af                PROVIDE (__noinit_end, .)
                0x008001af                _end = .
                0x008001af                PROVIDE (__heap_start, .)

.eeprom         0x00810000        0x0
 *(.eeprom*)
                0x00810000                __eeprom_end = .

.fuse
 *(.fuse)
 *(.lfuse)
 *(.hfuse)
 *(.efuse)

.lock
 *(.lock*)

.signature
 *(.signature*)

.user_signatures
 *(.user_signatures*)

.stab
 *(.stab)

.stabstr
 *(.stabstr)

.stab.excl
 *(.stab.excl)

.stab.exclstr
 *(.stab.exclstr)

.stab.index
 *(.stab.index)

.stab.indexstr
 *(.stab.indexstr)

.comment        0x00000000       0x11
 *(.comment)
 .comment       0x00000000       0x11 K7NVH_DC_PDU.o
                                 0x12 (size before relaxing)
 .comment       0x00000000       0x12 Descriptors.o
 .comment       0x00000000       0x12 ../LUFA/LUFA/Drivers/USB/Class/Common/HIDParser.o
 .comment       0x00000000       0x12 ../LUFA/LUFA/Drivers/USB/Core/AVR8/Device_AVR8.o
 .comment       0x00000000       0x12 ../LUFA/LUFA/Drivers/USB/Core/AVR8/EndpointStream_AVR8.o
 .comment       0x00000000       0x12 ../LUFA/LUFA/Drivers/USB/Core/AVR8/Endpoint_AVR8.o
 .comment       0x00000000       0x12 ../LUFA/LUFA/Drivers/USB/Core/AVR8/Host_AVR8.o
 .comment       0x00000000       0x12 ../LUFA/LUFA/Drivers/USB/Core/AVR8/PipeStream_AVR8.o
 .comment       0x00000000       0x12 ../LUFA/LUFA/Drivers/USB/Core/AVR8/Pipe_AVR8.o
 .comment       0x00000000       0x12 ../LUFA/LUFA/Drivers/USB/Core/AVR8/USBController_AVR8.o
 .comment       0x00000000       0x12 ../LUFA/LUFA/Drivers/USB/Core/AVR8/USBInterrupt_AVR8.o
 .comment       0x00000000       0x12 ../LUFA/LUFA/Drivers/USB/Core/ConfigDescriptors.o
 .comment       0x00000000       0x12 ../LUFA/LUFA/Drivers/USB/Core/DeviceStandardReq.o
 .comment       0x00000000       0x12 ../LUFA/LUFA/Drivers/USB/Core/Events.o
 .comment       0x00000000       0x12 ../LUFA/LUFA/Drivers/USB/Core/HostStandardReq.o
 .comment       0x00000000       0x12 ../LUFA/LUFA/Drivers/USB/Core/USBTask.o
 .comment       0x00000000       0x12 ../LUFA/LUFA/Drivers/USB/Class/Device/AudioClassDevice.o
 .comment       0x00000000       0x12 ../LUFA/LUFA/Drivers/USB/Class/Device/CDCClassDevice.o
 .comment       0x00000000       0x12 ../LUFA/LUFA/Drivers/USB/Class/Device/HIDClassDevice.o
 .comment       0x00000000       0x12 ../LUFA/LUFA/Drivers/USB/Class/Device/MassStorageClassDevice.o
 .comment       0x00000000       0x12 ../LUFA/LUFA/Drivers/USB/Class/Device/MIDIClassDevice.o
 .comment       0x00000000       0x12 ../LUFA/LUFA/Drivers/USB/Class/Device/PrinterClassDevice.o
 .comment       0x00000000       0x12 ../LUFA/LUFA/Drivers/USB/Class/Device/RNDISClassDevice.o
 .comment       0x00000000       0x12 ../LUFA/LUFA/Drivers/USB/Class/Host/AndroidAccessoryClassHost.o
 .comment       0x00000000       0x12 ../LUFA/LUFA/Drivers/USB/Class/Host/AudioClassHost.o
 .comment       0x00000000       0x12 ../LUFA/LUFA/Drivers/USB/Class/Host/CDCClassHost.o
 .comment       0x00000000       0x12 ../LUFA/LUFA/Drivers/USB/Class/Host/HIDClassHost.o
 .comment       0x00000000       0x12 ../LUFA/LUFA/Drivers/USB/Class/Host/MassStorageClassHost.o
 .comment       0x00000000       0x12 ../LUFA/LUFA/Drivers/USB/Class/Host/MIDIClassHost.o
 .comment       0x00000000       0x12 ../LUFA/LUFA/Drivers/USB/Class/Host/PrinterClassHost.o
 .comment       0x00000000       0x12 ../LUFA/LUFA/Drivers/USB/Class/Host/RNDISClassHost.o
 .comment       0x00000000       0x12 ../LUFA/LUFA/Drivers/USB/Class/Host/StillImageClassHost.o
 .comment       0x00000000       0x12 /usr/local/CrossPack-AVR-20131216/lib/gcc/avr/4.8.1/../../../../avr/lib/avr35/libprintf_flt.a(vfprintf_flt.o)
 .comment       0x00000000       0x12 /usr/local/CrossPack-AVR-20131216/lib/gcc/avr/4.8.1/../../../../avr/lib/avr35/libc.a(fprintf.o)
 .comment       0x00000000       0x12 /usr/local/CrossPack-AVR-20131216/lib/gcc/avr/4.8.1/../../../../avr/lib/avr35/libc.a(fputc.o)

.debug
 *(.debug)

.line
 *(.line)

.debug_srcinfo
 *(.debug_srcinfo)

.debug_sfnames
 *(.debug_sfnames)

.debug_aranges  0x00000000      0x750
 *(.debug_aranges)
 .debug_aranges
                0x00000000       0x70 K7NVH_DC_PDU.o
 .debug_aranges
                0x00000070       0x20 Descriptors.o
 .debug_aranges
                0x00000090       0x38 ../LUFA/LUFA/Drivers/USB/Class/Common/HIDParser.o
 .debug_aranges
                0x000000c8       0x20 ../LUFA/LUFA/Drivers/USB/Core/AVR8/Device_AVR8.o
 .debug_aranges
                0x000000e8       0xc8 ../LUFA/LUFA/Drivers/USB/Core/AVR8/EndpointStream_AVR8.o
 .debug_aranges
                0x000001b0       0x40 ../LUFA/LUFA/Drivers/USB/Core/AVR8/Endpoint_AVR8.o
 .debug_aranges
                0x000001f0       0x18 ../LUFA/LUFA/Drivers/USB/Core/AVR8/Host_AVR8.o
 .debug_aranges
                0x00000208       0x18 ../LUFA/LUFA/Drivers/USB/Core/AVR8/PipeStream_AVR8.o
 .debug_aranges
                0x00000220       0x18 ../LUFA/LUFA/Drivers/USB/Core/AVR8/Pipe_AVR8.o
 .debug_aranges
                0x00000238       0x30 ../LUFA/LUFA/Drivers/USB/Core/AVR8/USBController_AVR8.o
 .debug_aranges
                0x00000268       0x38 ../LUFA/LUFA/Drivers/USB/Core/AVR8/USBInterrupt_AVR8.o
 .debug_aranges
                0x000002a0       0x40 ../LUFA/LUFA/Drivers/USB/Core/ConfigDescriptors.o
 .debug_aranges
                0x000002e0       0x20 ../LUFA/LUFA/Drivers/USB/Core/DeviceStandardReq.o
 .debug_aranges
                0x00000300       0x20 ../LUFA/LUFA/Drivers/USB/Core/Events.o
 .debug_aranges
                0x00000320       0x18 ../LUFA/LUFA/Drivers/USB/Core/HostStandardReq.o
 .debug_aranges
                0x00000338       0x20 ../LUFA/LUFA/Drivers/USB/Core/USBTask.o
 .debug_aranges
                0x00000358       0x30 ../LUFA/LUFA/Drivers/USB/Class/Device/AudioClassDevice.o
 .debug_aranges
                0x00000388       0x98 ../LUFA/LUFA/Drivers/USB/Class/Device/CDCClassDevice.o
 .debug_aranges
                0x00000420       0x30 ../LUFA/LUFA/Drivers/USB/Class/Device/HIDClassDevice.o
 .debug_aranges
                0x00000450       0x30 ../LUFA/LUFA/Drivers/USB/Class/Device/MassStorageClassDevice.o
 .debug_aranges
                0x00000480       0x40 ../LUFA/LUFA/Drivers/USB/Class/Device/MIDIClassDevice.o
 .debug_aranges
                0x000004c0       0x90 ../LUFA/LUFA/Drivers/USB/Class/Device/PrinterClassDevice.o
 .debug_aranges
                0x00000550       0x48 ../LUFA/LUFA/Drivers/USB/Class/Device/RNDISClassDevice.o
 .debug_aranges
                0x00000598       0x18 ../LUFA/LUFA/Drivers/USB/Class/Host/AndroidAccessoryClassHost.o
 .debug_aranges
                0x000005b0       0x18 ../LUFA/LUFA/Drivers/USB/Class/Host/AudioClassHost.o
 .debug_aranges
                0x000005c8       0x18 ../LUFA/LUFA/Drivers/USB/Class/Host/CDCClassHost.o
 .debug_aranges
                0x000005e0       0x18 ../LUFA/LUFA/Drivers/USB/Class/Host/HIDClassHost.o
 .debug_aranges
                0x000005f8       0x18 ../LUFA/LUFA/Drivers/USB/Class/Host/MassStorageClassHost.o
 .debug_aranges
                0x00000610       0x18 ../LUFA/LUFA/Drivers/USB/Class/Host/MIDIClassHost.o
 .debug_aranges
                0x00000628       0x18 ../LUFA/LUFA/Drivers/USB/Class/Host/PrinterClassHost.o
 .debug_aranges
                0x00000640       0x18 ../LUFA/LUFA/Drivers/USB/Class/Host/RNDISClassHost.o
 .debug_aranges
                0x00000658       0x18 ../LUFA/LUFA/Drivers/USB/Class/Host/StillImageClassHost.o
 .debug_aranges
                0x00000670       0x20 /usr/local/CrossPack-AVR-20131216/lib/gcc/avr/4.8.1/avr35/libgcc.a(_mulqi3.o)
 .debug_aranges
                0x00000690       0x20 /usr/local/CrossPack-AVR-20131216/lib/gcc/avr/4.8.1/avr35/libgcc.a(_mulhi3.o)
 .debug_aranges
                0x000006b0       0x20 /usr/local/CrossPack-AVR-20131216/lib/gcc/avr/4.8.1/avr35/libgcc.a(_exit.o)
 .debug_aranges
                0x000006d0       0x20 /usr/local/CrossPack-AVR-20131216/lib/gcc/avr/4.8.1/avr35/libgcc.a(_copy_data.o)
 .debug_aranges
                0x000006f0       0x20 /usr/local/CrossPack-AVR-20131216/lib/gcc/avr/4.8.1/avr35/libgcc.a(_clear_bss.o)
 .debug_aranges
                0x00000710       0x20 /usr/local/CrossPack-AVR-20131216/lib/gcc/avr/4.8.1/avr35/libgcc.a(_prologue.o)
 .debug_aranges
                0x00000730       0x20 /usr/local/CrossPack-AVR-20131216/lib/gcc/avr/4.8.1/avr35/libgcc.a(_epilogue.o)

.debug_pubnames
 *(.debug_pubnames)

.debug_info     0x00000000     0xbcf5
 *(.debug_info)
 .debug_info    0x00000000     0x1a31 K7NVH_DC_PDU.o
 .debug_info    0x00001a31      0x786 Descriptors.o
 .debug_info    0x000021b7      0x741 ../LUFA/LUFA/Drivers/USB/Class/Common/HIDParser.o
 .debug_info    0x000028f8       0xd2 ../LUFA/LUFA/Drivers/USB/Core/AVR8/Device_AVR8.o
 .debug_info    0x000029ca     0x17b1 ../LUFA/LUFA/Drivers/USB/Core/AVR8/EndpointStream_AVR8.o
 .debug_info    0x0000417b      0x614 ../LUFA/LUFA/Drivers/USB/Core/AVR8/Endpoint_AVR8.o
 .debug_info    0x0000478f       0x56 ../LUFA/LUFA/Drivers/USB/Core/AVR8/Host_AVR8.o
 .debug_info    0x000047e5       0x56 ../LUFA/LUFA/Drivers/USB/Core/AVR8/PipeStream_AVR8.o
 .debug_info    0x0000483b       0x56 ../LUFA/LUFA/Drivers/USB/Core/AVR8/Pipe_AVR8.o
 .debug_info    0x00004891      0x46a ../LUFA/LUFA/Drivers/USB/Core/AVR8/USBController_AVR8.o
 .debug_info    0x00004cfb      0x708 ../LUFA/LUFA/Drivers/USB/Core/AVR8/USBInterrupt_AVR8.o
 .debug_info    0x00005403      0x3cd ../LUFA/LUFA/Drivers/USB/Core/ConfigDescriptors.o
 .debug_info    0x000057d0      0xa57 ../LUFA/LUFA/Drivers/USB/Core/DeviceStandardReq.o
 .debug_info    0x00006227       0x78 ../LUFA/LUFA/Drivers/USB/Core/Events.o
 .debug_info    0x0000629f       0x56 ../LUFA/LUFA/Drivers/USB/Core/HostStandardReq.o
 .debug_info    0x000062f5      0x26b ../LUFA/LUFA/Drivers/USB/Core/USBTask.o
 .debug_info    0x00006560      0x8fc ../LUFA/LUFA/Drivers/USB/Class/Device/AudioClassDevice.o
 .debug_info    0x00006e5c      0xe7e ../LUFA/LUFA/Drivers/USB/Class/Device/CDCClassDevice.o
 .debug_info    0x00007cda      0xa07 ../LUFA/LUFA/Drivers/USB/Class/Device/HIDClassDevice.o
 .debug_info    0x000086e1      0x95b ../LUFA/LUFA/Drivers/USB/Class/Device/MassStorageClassDevice.o
 .debug_info    0x0000903c      0x62f ../LUFA/LUFA/Drivers/USB/Class/Device/MIDIClassDevice.o
 .debug_info    0x0000966b      0xce5 ../LUFA/LUFA/Drivers/USB/Class/Device/PrinterClassDevice.o
 .debug_info    0x0000a350     0x1166 ../LUFA/LUFA/Drivers/USB/Class/Device/RNDISClassDevice.o
 .debug_info    0x0000b4b6       0x56 ../LUFA/LUFA/Drivers/USB/Class/Host/AndroidAccessoryClassHost.o
 .debug_info    0x0000b50c       0x56 ../LUFA/LUFA/Drivers/USB/Class/Host/AudioClassHost.o
 .debug_info    0x0000b562       0x56 ../LUFA/LUFA/Drivers/USB/Class/Host/CDCClassHost.o
 .debug_info    0x0000b5b8       0x56 ../LUFA/LUFA/Drivers/USB/Class/Host/HIDClassHost.o
 .debug_info    0x0000b60e       0x56 ../LUFA/LUFA/Drivers/USB/Class/Host/MassStorageClassHost.o
 .debug_info    0x0000b664       0x56 ../LUFA/LUFA/Drivers/USB/Class/Host/MIDIClassHost.o
 .debug_info    0x0000b6ba       0x56 ../LUFA/LUFA/Drivers/USB/Class/Host/PrinterClassHost.o
 .debug_info    0x0000b710       0x56 ../LUFA/LUFA/Drivers/USB/Class/Host/RNDISClassHost.o
 .debug_info    0x0000b766       0x56 ../LUFA/LUFA/Drivers/USB/Class/Host/StillImageClassHost.o
 .debug_info    0x0000b7bc       0xbf /usr/local/CrossPack-AVR-20131216/lib/gcc/avr/4.8.1/avr35/libgcc.a(_mulqi3.o)
 .debug_info    0x0000b87b       0xbf /usr/local/CrossPack-AVR-20131216/lib/gcc/avr/4.8.1/avr35/libgcc.a(_mulhi3.o)
 .debug_info    0x0000b93a       0xbf /usr/local/CrossPack-AVR-20131216/lib/gcc/avr/4.8.1/avr35/libgcc.a(_exit.o)
 .debug_info    0x0000b9f9       0xbf /usr/local/CrossPack-AVR-20131216/lib/gcc/avr/4.8.1/avr35/libgcc.a(_copy_data.o)
 .debug_info    0x0000bab8       0xbf /usr/local/CrossPack-AVR-20131216/lib/gcc/avr/4.8.1/avr35/libgcc.a(_clear_bss.o)
 .debug_info    0x0000bb77       0xbf /usr/local/CrossPack-AVR-20131216/lib/gcc/avr/4.8.1/avr35/libgcc.a(_prologue.o)
 .debug_info    0x0000bc36       0xbf /usr/local/CrossPack-AVR-20131216/lib/gcc/avr/4.8.1/avr35/libgcc.a(_epilogue.o)
 *(.gnu.linkonce.wi.*)

.debug_abbrev   0x00000000     0x2dea
 *(.debug_abbrev)
 .debug_abbrev  0x00000000      0x54f K7NVH_DC_PDU.o
 .debug_abbrev  0x0000054f      0x14e Descriptors.o
 .debug_abbrev  0x0000069d      0x22d ../LUFA/LUFA/Drivers/USB/Class/Common/HIDParser.o
 .debug_abbrev  0x000008ca       0x80 ../LUFA/LUFA/Drivers/USB/Core/AVR8/Device_AVR8.o
 .debug_abbrev  0x0000094a      0x213 ../LUFA/LUFA/Drivers/USB/Core/AVR8/EndpointStream_AVR8.o
 .debug_abbrev  0x00000b5d      0x222 ../LUFA/LUFA/Drivers/USB/Core/AVR8/Endpoint_AVR8.o
 .debug_abbrev  0x00000d7f       0x26 ../LUFA/LUFA/Drivers/USB/Core/AVR8/Host_AVR8.o
 .debug_abbrev  0x00000da5       0x26 ../LUFA/LUFA/Drivers/USB/Core/AVR8/PipeStream_AVR8.o
 .debug_abbrev  0x00000dcb       0x26 ../LUFA/LUFA/Drivers/USB/Core/AVR8/Pipe_AVR8.o
 .debug_abbrev  0x00000df1      0x18d ../LUFA/LUFA/Drivers/USB/Core/AVR8/USBController_AVR8.o
 .debug_abbrev  0x00000f7e      0x234 ../LUFA/LUFA/Drivers/USB/Core/AVR8/USBInterrupt_AVR8.o
 .debug_abbrev  0x000011b2      0x183 ../LUFA/LUFA/Drivers/USB/Core/ConfigDescriptors.o
 .debug_abbrev  0x00001335      0x2c9 ../LUFA/LUFA/Drivers/USB/Core/DeviceStandardReq.o
 .debug_abbrev  0x000015fe       0x44 ../LUFA/LUFA/Drivers/USB/Core/Events.o
 .debug_abbrev  0x00001642       0x26 ../LUFA/LUFA/Drivers/USB/Core/HostStandardReq.o
 .debug_abbrev  0x00001668      0x168 ../LUFA/LUFA/Drivers/USB/Core/USBTask.o
 .debug_abbrev  0x000017d0      0x20c ../LUFA/LUFA/Drivers/USB/Class/Device/AudioClassDevice.o
 .debug_abbrev  0x000019dc      0x41d ../LUFA/LUFA/Drivers/USB/Class/Device/CDCClassDevice.o
 .debug_abbrev  0x00001df9      0x26b ../LUFA/LUFA/Drivers/USB/Class/Device/HIDClassDevice.o
 .debug_abbrev  0x00002064      0x2a8 ../LUFA/LUFA/Drivers/USB/Class/Device/MassStorageClassDevice.o
 .debug_abbrev  0x0000230c      0x243 ../LUFA/LUFA/Drivers/USB/Class/Device/MIDIClassDevice.o
 .debug_abbrev  0x0000254f      0x343 ../LUFA/LUFA/Drivers/USB/Class/Device/PrinterClassDevice.o
 .debug_abbrev  0x00002892      0x376 ../LUFA/LUFA/Drivers/USB/Class/Device/RNDISClassDevice.o
 .debug_abbrev  0x00002c08       0x26 ../LUFA/LUFA/Drivers/USB/Class/Host/AndroidAccessoryClassHost.o
 .debug_abbrev  0x00002c2e       0x26 ../LUFA/LUFA/Drivers/USB/Class/Host/AudioClassHost.o
 .debug_abbrev  0x00002c54       0x26 ../LUFA/LUFA/Drivers/USB/Class/Host/CDCClassHost.o
 .debug_abbrev  0x00002c7a       0x26 ../LUFA/LUFA/Drivers/USB/Class/Host/HIDClassHost.o
 .debug_abbrev  0x00002ca0       0x26 ../LUFA/LUFA/Drivers/USB/Class/Host/MassStorageClassHost.o
 .debug_abbrev  0x00002cc6       0x26 ../LUFA/LUFA/Drivers/USB/Class/Host/MIDIClassHost.o
 .debug_abbrev  0x00002cec       0x26 ../LUFA/LUFA/Drivers/USB/Class/Host/PrinterClassHost.o
 .debug_abbrev  0x00002d12       0x26 ../LUFA/LUFA/Drivers/USB/Class/Host/RNDISClassHost.o
 .debug_abbrev  0x00002d38       0x26 ../LUFA/LUFA/Drivers/USB/Class/Host/StillImageClassHost.o
 .debug_abbrev  0x00002d5e       0x14 /usr/local/CrossPack-AVR-20131216/lib/gcc/avr/4.8.1/avr35/libgcc.a(_mulqi3.o)
 .debug_abbrev  0x00002d72       0x14 /usr/local/CrossPack-AVR-20131216/lib/gcc/avr/4.8.1/avr35/libgcc.a(_mulhi3.o)
 .debug_abbrev  0x00002d86       0x14 /usr/local/CrossPack-AVR-20131216/lib/gcc/avr/4.8.1/avr35/libgcc.a(_exit.o)
 .debug_abbrev  0x00002d9a       0x14 /usr/local/CrossPack-AVR-20131216/lib/gcc/avr/4.8.1/avr35/libgcc.a(_copy_data.o)
 .debug_abbrev  0x00002dae       0x14 /usr/local/CrossPack-AVR-20131216/lib/gcc/avr/4.8.1/avr35/libgcc.a(_clear_bss.o)
 .debug_abbrev  0x00002dc2       0x14 /usr/local/CrossPack-AVR-20131216/lib/gcc/avr/4.8.1/avr35/libgcc.a(_prologue.o)
 .debug_abbrev  0x00002dd6       0x14 /usr/local/CrossPack-AVR-20131216/lib/gcc/avr/4.8.1/avr35/libgcc.a(_epilogue.o)

.debug_line     0x00000000     0x65ca
 *(.debug_line)
 .debug_line    0x00000000      0x91b K7NVH_DC_PDU.o
 .debug_line    0x0000091b      0x1f6 Descriptors.o
 .debug_line    0x00000b11      0x593 ../LUFA/LUFA/Drivers/USB/Class/Common/HIDParser.o
 .debug_line    0x000010a4      0x121 ../LUFA/LUFA/Drivers/USB/Core/AVR8/Device_AVR8.o
 .debug_line    0x000011c5     0x14dc ../LUFA/LUFA/Drivers/USB/Core/AVR8/EndpointStream_AVR8.o
 .debug_line    0x000026a1      0x494 ../LUFA/LUFA/Drivers/USB/Core/AVR8/Endpoint_AVR8.o
 .debug_line    0x00002b35       0x1a ../LUFA/LUFA/Drivers/USB/Core/AVR8/Host_AVR8.o
 .debug_line    0x00002b4f       0x1a ../LUFA/LUFA/Drivers/USB/Core/AVR8/PipeStream_AVR8.o
 .debug_line    0x00002b69       0x1a ../LUFA/LUFA/Drivers/USB/Core/AVR8/Pipe_AVR8.o
 .debug_line    0x00002b83      0x2b9 ../LUFA/LUFA/Drivers/USB/Core/AVR8/USBController_AVR8.o
 .debug_line    0x00002e3c      0x492 ../LUFA/LUFA/Drivers/USB/Core/AVR8/USBInterrupt_AVR8.o
 .debug_line    0x000032ce      0x1f7 ../LUFA/LUFA/Drivers/USB/Core/ConfigDescriptors.o
 .debug_line    0x000034c5      0x46d ../LUFA/LUFA/Drivers/USB/Core/DeviceStandardReq.o
 .debug_line    0x00003932       0x54 ../LUFA/LUFA/Drivers/USB/Core/Events.o
 .debug_line    0x00003986       0x1a ../LUFA/LUFA/Drivers/USB/Core/HostStandardReq.o
 .debug_line    0x000039a0      0x173 ../LUFA/LUFA/Drivers/USB/Core/USBTask.o
 .debug_line    0x00003b13      0x3fd ../LUFA/LUFA/Drivers/USB/Class/Device/AudioClassDevice.o
 .debug_line    0x00003f10      0x7f7 ../LUFA/LUFA/Drivers/USB/Class/Device/CDCClassDevice.o
 .debug_line    0x00004707      0x520 ../LUFA/LUFA/Drivers/USB/Class/Device/HIDClassDevice.o
 .debug_line    0x00004c27      0x4ab ../LUFA/LUFA/Drivers/USB/Class/Device/MassStorageClassDevice.o
 .debug_line    0x000050d2      0x391 ../LUFA/LUFA/Drivers/USB/Class/Device/MIDIClassDevice.o
 .debug_line    0x00005463      0x6bf ../LUFA/LUFA/Drivers/USB/Class/Device/PrinterClassDevice.o
 .debug_line    0x00005b22      0x6fa ../LUFA/LUFA/Drivers/USB/Class/Device/RNDISClassDevice.o
 .debug_line    0x0000621c       0x1a ../LUFA/LUFA/Drivers/USB/Class/Host/AndroidAccessoryClassHost.o
 .debug_line    0x00006236       0x1a ../LUFA/LUFA/Drivers/USB/Class/Host/AudioClassHost.o
 .debug_line    0x00006250       0x1a ../LUFA/LUFA/Drivers/USB/Class/Host/CDCClassHost.o
 .debug_line    0x0000626a       0x1a ../LUFA/LUFA/Drivers/USB/Class/Host/HIDClassHost.o
 .debug_line    0x00006284       0x1a ../LUFA/LUFA/Drivers/USB/Class/Host/MassStorageClassHost.o
 .debug_line    0x0000629e       0x1a ../LUFA/LUFA/Drivers/USB/Class/Host/MIDIClassHost.o
 .debug_line    0x000062b8       0x1a ../LUFA/LUFA/Drivers/USB/Class/Host/PrinterClassHost.o
 .debug_line    0x000062d2       0x1a ../LUFA/LUFA/Drivers/USB/Class/Host/RNDISClassHost.o
 .debug_line    0x000062ec       0x1a ../LUFA/LUFA/Drivers/USB/Class/Host/StillImageClassHost.o
 .debug_line    0x00006306       0x5f /usr/local/CrossPack-AVR-20131216/lib/gcc/avr/4.8.1/avr35/libgcc.a(_mulqi3.o)
 .debug_line    0x00006365       0x67 /usr/local/CrossPack-AVR-20131216/lib/gcc/avr/4.8.1/avr35/libgcc.a(_mulhi3.o)
 .debug_line    0x000063cc       0x58 /usr/local/CrossPack-AVR-20131216/lib/gcc/avr/4.8.1/avr35/libgcc.a(_exit.o)
 .debug_line    0x00006424       0x61 /usr/local/CrossPack-AVR-20131216/lib/gcc/avr/4.8.1/avr35/libgcc.a(_copy_data.o)
 .debug_line    0x00006485       0x5e /usr/local/CrossPack-AVR-20131216/lib/gcc/avr/4.8.1/avr35/libgcc.a(_clear_bss.o)
 .debug_line    0x000064e3       0x74 /usr/local/CrossPack-AVR-20131216/lib/gcc/avr/4.8.1/avr35/libgcc.a(_prologue.o)
 .debug_line    0x00006557       0x73 /usr/local/CrossPack-AVR-20131216/lib/gcc/avr/4.8.1/avr35/libgcc.a(_epilogue.o)

.debug_frame    0x00000000      0xf7c
 *(.debug_frame)
 .debug_frame   0x00000000       0xf4 K7NVH_DC_PDU.o
 .debug_frame   0x000000f4       0x24 Descriptors.o
 .debug_frame   0x00000118      0x114 ../LUFA/LUFA/Drivers/USB/Class/Common/HIDParser.o
 .debug_frame   0x0000022c       0x24 ../LUFA/LUFA/Drivers/USB/Core/AVR8/Device_AVR8.o
 .debug_frame   0x00000250      0x3b4 ../LUFA/LUFA/Drivers/USB/Core/AVR8/EndpointStream_AVR8.o
 .debug_frame   0x00000604       0x78 ../LUFA/LUFA/Drivers/USB/Core/AVR8/Endpoint_AVR8.o
 .debug_frame   0x0000067c       0x44 ../LUFA/LUFA/Drivers/USB/Core/AVR8/USBController_AVR8.o
 .debug_frame   0x000006c0       0xe8 ../LUFA/LUFA/Drivers/USB/Core/AVR8/USBInterrupt_AVR8.o
 .debug_frame   0x000007a8      0x108 ../LUFA/LUFA/Drivers/USB/Core/ConfigDescriptors.o
 .debug_frame   0x000008b0       0x3c ../LUFA/LUFA/Drivers/USB/Core/DeviceStandardReq.o
 .debug_frame   0x000008ec       0x24 ../LUFA/LUFA/Drivers/USB/Core/Events.o
 .debug_frame   0x00000910       0x2c ../LUFA/LUFA/Drivers/USB/Core/USBTask.o
 .debug_frame   0x0000093c       0xa8 ../LUFA/LUFA/Drivers/USB/Class/Device/AudioClassDevice.o
 .debug_frame   0x000009e4      0x168 ../LUFA/LUFA/Drivers/USB/Class/Device/CDCClassDevice.o
 .debug_frame   0x00000b4c       0xe4 ../LUFA/LUFA/Drivers/USB/Class/Device/HIDClassDevice.o
 .debug_frame   0x00000c30       0x80 ../LUFA/LUFA/Drivers/USB/Class/Device/MassStorageClassDevice.o
 .debug_frame   0x00000cb0       0x70 ../LUFA/LUFA/Drivers/USB/Class/Device/MIDIClassDevice.o
 .debug_frame   0x00000d20      0x144 ../LUFA/LUFA/Drivers/USB/Class/Device/PrinterClassDevice.o
 .debug_frame   0x00000e64      0x118 ../LUFA/LUFA/Drivers/USB/Class/Device/RNDISClassDevice.o

.debug_str      0x00000000     0x40f9
 *(.debug_str)
 .debug_str     0x00000000      0x8bb K7NVH_DC_PDU.o
                                0x941 (size before relaxing)
 .debug_str     0x000008bb      0x8f8 Descriptors.o
                                0xb5f (size before relaxing)
 .debug_str     0x000011b3      0x497 ../LUFA/LUFA/Drivers/USB/Class/Common/HIDParser.o
                                0x6c7 (size before relaxing)
 .debug_str     0x0000164a       0x79 ../LUFA/LUFA/Drivers/USB/Core/AVR8/Device_AVR8.o
                                0x203 (size before relaxing)
 .debug_str     0x000016c3      0x65b ../LUFA/LUFA/Drivers/USB/Core/AVR8/EndpointStream_AVR8.o
                                0x866 (size before relaxing)
 .debug_str     0x00001d1e      0x2d8 ../LUFA/LUFA/Drivers/USB/Core/AVR8/Endpoint_AVR8.o
                                0x625 (size before relaxing)
 .debug_str     0x00001ff6       0x2f ../LUFA/LUFA/Drivers/USB/Core/AVR8/Host_AVR8.o
                                0x1a2 (size before relaxing)
 .debug_str     0x00002025       0x35 ../LUFA/LUFA/Drivers/USB/Core/AVR8/PipeStream_AVR8.o
                                0x1a8 (size before relaxing)
 .debug_str     0x0000205a       0x2f ../LUFA/LUFA/Drivers/USB/Core/AVR8/Pipe_AVR8.o
                                0x1a2 (size before relaxing)
 .debug_str     0x00002089      0x23a ../LUFA/LUFA/Drivers/USB/Core/AVR8/USBController_AVR8.o
                                0x53b (size before relaxing)
 .debug_str     0x000022c3      0x133 ../LUFA/LUFA/Drivers/USB/Core/AVR8/USBInterrupt_AVR8.o
                                0x590 (size before relaxing)
 .debug_str     0x000023f6      0x229 ../LUFA/LUFA/Drivers/USB/Core/ConfigDescriptors.o
                                0x3eb (size before relaxing)
 .debug_str     0x0000261f      0x403 ../LUFA/LUFA/Drivers/USB/Core/DeviceStandardReq.o
                                0x9d7 (size before relaxing)
 .debug_str     0x00002a22       0x36 ../LUFA/LUFA/Drivers/USB/Core/Events.o
                                0x1a9 (size before relaxing)
 .debug_str     0x00002a58       0x30 ../LUFA/LUFA/Drivers/USB/Core/HostStandardReq.o
                                0x1a3 (size before relaxing)
 .debug_str     0x00002a88       0x44 ../LUFA/LUFA/Drivers/USB/Core/USBTask.o
                                0x38a (size before relaxing)
 .debug_str     0x00002acc      0x285 ../LUFA/LUFA/Drivers/USB/Class/Device/AudioClassDevice.o
                                0x6bf (size before relaxing)
 .debug_str     0x00002d51      0x27b ../LUFA/LUFA/Drivers/USB/Class/Device/CDCClassDevice.o
                                0xa14 (size before relaxing)
 .debug_str     0x00002fcc      0x24d ../LUFA/LUFA/Drivers/USB/Class/Device/HIDClassDevice.o
                                0x711 (size before relaxing)
 .debug_str     0x00003219      0x266 ../LUFA/LUFA/Drivers/USB/Class/Device/MassStorageClassDevice.o
                                0x80b (size before relaxing)
 .debug_str     0x0000347f      0x11a ../LUFA/LUFA/Drivers/USB/Class/Device/MIDIClassDevice.o
                                0x680 (size before relaxing)
 .debug_str     0x00003599      0x26e ../LUFA/LUFA/Drivers/USB/Class/Device/PrinterClassDevice.o
                                0x949 (size before relaxing)
 .debug_str     0x00003807      0x702 ../LUFA/LUFA/Drivers/USB/Class/Device/RNDISClassDevice.o
                                0xd81 (size before relaxing)
 .debug_str     0x00003f09       0x40 ../LUFA/LUFA/Drivers/USB/Class/Host/AndroidAccessoryClassHost.o
                                0x1b3 (size before relaxing)
 .debug_str     0x00003f49       0x35 ../LUFA/LUFA/Drivers/USB/Class/Host/AudioClassHost.o
                                0x1a8 (size before relaxing)
 .debug_str     0x00003f7e       0x33 ../LUFA/LUFA/Drivers/USB/Class/Host/CDCClassHost.o
                                0x1a6 (size before relaxing)
 .debug_str     0x00003fb1       0x33 ../LUFA/LUFA/Drivers/USB/Class/Host/HIDClassHost.o
                                0x1a6 (size before relaxing)
 .debug_str     0x00003fe4       0x3b ../LUFA/LUFA/Drivers/USB/Class/Host/MassStorageClassHost.o
                                0x1ae (size before relaxing)
 .debug_str     0x0000401f       0x34 ../LUFA/LUFA/Drivers/USB/Class/Host/MIDIClassHost.o
                                0x1a7 (size before relaxing)
 .debug_str     0x00004053       0x37 ../LUFA/LUFA/Drivers/USB/Class/Host/PrinterClassHost.o
                                0x1aa (size before relaxing)
 .debug_str     0x0000408a       0x35 ../LUFA/LUFA/Drivers/USB/Class/Host/RNDISClassHost.o
                                0x1a8 (size before relaxing)
 .debug_str     0x000040bf       0x3a ../LUFA/LUFA/Drivers/USB/Class/Host/StillImageClassHost.o
                                0x1ad (size before relaxing)

.debug_loc      0x00000000     0x6d98
 *(.debug_loc)
 .debug_loc     0x00000000      0x68b K7NVH_DC_PDU.o
 .debug_loc     0x0000068b      0x186 Descriptors.o
 .debug_loc     0x00000811      0xaa0 ../LUFA/LUFA/Drivers/USB/Class/Common/HIDParser.o
 .debug_loc     0x000012b1     0x1f66 ../LUFA/LUFA/Drivers/USB/Core/AVR8/EndpointStream_AVR8.o
 .debug_loc     0x00003217      0x3fe ../LUFA/LUFA/Drivers/USB/Core/AVR8/Endpoint_AVR8.o
 .debug_loc     0x00003615      0x30b ../LUFA/LUFA/Drivers/USB/Core/AVR8/USBInterrupt_AVR8.o
 .debug_loc     0x00003920      0x5bd ../LUFA/LUFA/Drivers/USB/Core/ConfigDescriptors.o
 .debug_loc     0x00003edd      0x2be ../LUFA/LUFA/Drivers/USB/Core/DeviceStandardReq.o
 .debug_loc     0x0000419b       0x49 ../LUFA/LUFA/Drivers/USB/Core/USBTask.o
 .debug_loc     0x000041e4      0x37c ../LUFA/LUFA/Drivers/USB/Class/Device/AudioClassDevice.o
 .debug_loc     0x00004560      0x85b ../LUFA/LUFA/Drivers/USB/Class/Device/CDCClassDevice.o
 .debug_loc     0x00004dbb      0x43e ../LUFA/LUFA/Drivers/USB/Class/Device/HIDClassDevice.o
 .debug_loc     0x000051f9      0x29f ../LUFA/LUFA/Drivers/USB/Class/Device/MassStorageClassDevice.o
 .debug_loc     0x00005498      0x2b8 ../LUFA/LUFA/Drivers/USB/Class/Device/MIDIClassDevice.o
 .debug_loc     0x00005750      0x84c ../LUFA/LUFA/Drivers/USB/Class/Device/PrinterClassDevice.o
 .debug_loc     0x00005f9c      0xdfc ../LUFA/LUFA/Drivers/USB/Class/Device/RNDISClassDevice.o

.debug_macinfo
 *(.debug_macinfo)

.debug_pubtypes
 *(.debug_pubtypes)

.debug_ranges   0x00000000      0x820
 *(.debug_ranges)
 .debug_ranges  0x00000000       0xf0 K7NVH_DC_PDU.o
 .debug_ranges  0x000000f0       0x10 Descriptors.o
 .debug_ranges  0x00000100       0xd0 ../LUFA/LUFA/Drivers/USB/Class/Common/HIDParser.o
 .debug_ranges  0x000001d0       0x10 ../LUFA/LUFA/Drivers/USB/Core/AVR8/Device_AVR8.o
 .debug_ranges  0x000001e0      0x2d0 ../LUFA/LUFA/Drivers/USB/Core/AVR8/EndpointStream_AVR8.o
 .debug_ranges  0x000004b0       0x90 ../LUFA/LUFA/Drivers/USB/Core/AVR8/Endpoint_AVR8.o
 .debug_ranges  0x00000540       0x20 ../LUFA/LUFA/Drivers/USB/Core/AVR8/USBController_AVR8.o
 .debug_ranges  0x00000560       0x28 ../LUFA/LUFA/Drivers/USB/Core/AVR8/USBInterrupt_AVR8.o
 .debug_ranges  0x00000588       0x30 ../LUFA/LUFA/Drivers/USB/Core/ConfigDescriptors.o
 .debug_ranges  0x000005b8       0x28 ../LUFA/LUFA/Drivers/USB/Core/DeviceStandardReq.o
 .debug_ranges  0x000005e0       0x10 ../LUFA/LUFA/Drivers/USB/Core/Events.o
 .debug_ranges  0x000005f0       0x10 ../LUFA/LUFA/Drivers/USB/Core/USBTask.o
 .debug_ranges  0x00000600       0x20 ../LUFA/LUFA/Drivers/USB/Class/Device/AudioClassDevice.o
 .debug_ranges  0x00000620       0x88 ../LUFA/LUFA/Drivers/USB/Class/Device/CDCClassDevice.o
 .debug_ranges  0x000006a8       0x20 ../LUFA/LUFA/Drivers/USB/Class/Device/HIDClassDevice.o
 .debug_ranges  0x000006c8       0x20 ../LUFA/LUFA/Drivers/USB/Class/Device/MassStorageClassDevice.o
 .debug_ranges  0x000006e8       0x30 ../LUFA/LUFA/Drivers/USB/Class/Device/MIDIClassDevice.o
 .debug_ranges  0x00000718       0x80 ../LUFA/LUFA/Drivers/USB/Class/Device/PrinterClassDevice.o
 .debug_ranges  0x00000798       0x88 ../LUFA/LUFA/Drivers/USB/Class/Device/RNDISClassDevice.o

.debug_macro
 *(.debug_macro)
OUTPUT(K7NVH_DC_PDU.elf elf32-avr)
LOAD linker stubs

Cross Reference Table

Symbol                                            File
ADC_Ports                                         K7NVH_DC_PDU.o
Audio_Device_ConfigureEndpoints                   ../LUFA/LUFA/Drivers/USB/Class/Device/AudioClassDevice.o
Audio_Device_Event_Stub                           ../LUFA/LUFA/Drivers/USB/Class/Device/AudioClassDevice.o
Audio_Device_ProcessControlRequest                ../LUFA/LUFA/Drivers/USB/Class/Device/AudioClassDevice.o
CALLBACK_Audio_Device_GetSetEndpointProperty      ../LUFA/LUFA/Drivers/USB/Class/Device/AudioClassDevice.o
CALLBACK_Audio_Device_GetSetInterfaceProperty     ../LUFA/LUFA/Drivers/USB/Class/Device/AudioClassDevice.o
CALLBACK_HIDParser_FilterHIDReportItem            ../LUFA/LUFA/Drivers/USB/Class/Common/HIDParser.o
CALLBACK_HID_Device_CreateHIDReport               ../LUFA/LUFA/Drivers/USB/Class/Device/HIDClassDevice.o
CALLBACK_HID_Device_ProcessHIDReport              ../LUFA/LUFA/Drivers/USB/Class/Device/HIDClassDevice.o
CALLBACK_MS_Device_SCSICommandReceived            ../LUFA/LUFA/Drivers/USB/Class/Device/MassStorageClassDevice.o
CALLBACK_USB_GetDescriptor                        Descriptors.o
                                                  ../LUFA/LUFA/Drivers/USB/Core/DeviceStandardReq.o
CDC_Device_BytesReceived                          ../LUFA/LUFA/Drivers/USB/Class/Device/CDCClassDevice.o
CDC_Device_ConfigureEndpoints                     ../LUFA/LUFA/Drivers/USB/Class/Device/CDCClassDevice.o
                                                  K7NVH_DC_PDU.o
CDC_Device_CreateBlockingStream                   ../LUFA/LUFA/Drivers/USB/Class/Device/CDCClassDevice.o
CDC_Device_CreateStream                           ../LUFA/LUFA/Drivers/USB/Class/Device/CDCClassDevice.o
                                                  K7NVH_DC_PDU.o
CDC_Device_Event_Stub                             ../LUFA/LUFA/Drivers/USB/Class/Device/CDCClassDevice.o
CDC_Device_Flush                                  ../LUFA/LUFA/Drivers/USB/Class/Device/CDCClassDevice.o
CDC_Device_ProcessControlRequest                  ../LUFA/LUFA/Drivers/USB/Class/Device/CDCClassDevice.o
                                                  K7NVH_DC_PDU.o
CDC_Device_ReceiveByte                            ../LUFA/LUFA/Drivers/USB/Class/Device/CDCClassDevice.o
                                                  K7NVH_DC_PDU.o
CDC_Device_SendByte                               ../LUFA/LUFA/Drivers/USB/Class/Device/CDCClassDevice.o
CDC_Device_SendControlLineStateChange             ../LUFA/LUFA/Drivers/USB/Class/Device/CDCClassDevice.o
CDC_Device_SendData                               ../LUFA/LUFA/Drivers/USB/Class/Device/CDCClassDevice.o
CDC_Device_SendString                             ../LUFA/LUFA/Drivers/USB/Class/Device/CDCClassDevice.o
CDC_Device_USBTask                                ../LUFA/LUFA/Drivers/USB/Class/Device/CDCClassDevice.o
                                                  K7NVH_DC_PDU.o
ConfigurationDescriptor                           Descriptors.o
DATA_IN                                           K7NVH_DC_PDU.o
DATA_IN_POS                                       K7NVH_DC_PDU.o
DeviceDescriptor                                  Descriptors.o
EVENT_Audio_Device_StreamStartStop                ../LUFA/LUFA/Drivers/USB/Class/Device/AudioClassDevice.o
EVENT_CDC_Device_BreakSent                        ../LUFA/LUFA/Drivers/USB/Class/Device/CDCClassDevice.o
EVENT_CDC_Device_ControLineStateChanged           ../LUFA/LUFA/Drivers/USB/Class/Device/CDCClassDevice.o
EVENT_CDC_Device_LineEncodingChanged              ../LUFA/LUFA/Drivers/USB/Class/Device/CDCClassDevice.o
EVENT_PRNT_Device_SoftReset                       ../LUFA/LUFA/Drivers/USB/Class/Device/PrinterClassDevice.o
EVENT_USB_Device_ConfigurationChanged             K7NVH_DC_PDU.o
                                                  ../LUFA/LUFA/Drivers/USB/Core/DeviceStandardReq.o
EVENT_USB_Device_Connect                          K7NVH_DC_PDU.o
                                                  ../LUFA/LUFA/Drivers/USB/Core/AVR8/USBInterrupt_AVR8.o
EVENT_USB_Device_ControlRequest                   K7NVH_DC_PDU.o
                                                  ../LUFA/LUFA/Drivers/USB/Core/DeviceStandardReq.o
EVENT_USB_Device_Disconnect                       K7NVH_DC_PDU.o
                                                  ../LUFA/LUFA/Drivers/USB/Core/AVR8/USBInterrupt_AVR8.o
EVENT_USB_Device_Reset                            ../LUFA/LUFA/Drivers/USB/Core/Events.o
                                                  ../LUFA/LUFA/Drivers/USB/Core/AVR8/USBInterrupt_AVR8.o
EVENT_USB_Device_StartOfFrame                     ../LUFA/LUFA/Drivers/USB/Core/Events.o
                                                  ../LUFA/LUFA/Drivers/USB/Core/AVR8/USBInterrupt_AVR8.o
EVENT_USB_Device_Suspend                          ../LUFA/LUFA/Drivers/USB/Core/Events.o
EVENT_USB_Device_WakeUp                           ../LUFA/LUFA/Drivers/USB/Core/Events.o
Endpoint_ClearEndpoints                           ../LUFA/LUFA/Drivers/USB/Core/AVR8/Endpoint_AVR8.o
Endpoint_ClearStatusStage                         ../LUFA/LUFA/Drivers/USB/Core/AVR8/Endpoint_AVR8.o
                                                  ../LUFA/LUFA/Drivers/USB/Class/Device/PrinterClassDevice.o
                                                  ../LUFA/LUFA/Drivers/USB/Class/Device/MassStorageClassDevice.o
                                                  ../LUFA/LUFA/Drivers/USB/Class/Device/HIDClassDevice.o
                                                  ../LUFA/LUFA/Drivers/USB/Class/Device/CDCClassDevice.o
                                                  ../LUFA/LUFA/Drivers/USB/Class/Device/AudioClassDevice.o
                                                  ../LUFA/LUFA/Drivers/USB/Core/DeviceStandardReq.o
Endpoint_ConfigureEndpointTable                   ../LUFA/LUFA/Drivers/USB/Core/AVR8/Endpoint_AVR8.o
                                                  ../LUFA/LUFA/Drivers/USB/Class/Device/RNDISClassDevice.o
                                                  ../LUFA/LUFA/Drivers/USB/Class/Device/PrinterClassDevice.o
                                                  ../LUFA/LUFA/Drivers/USB/Class/Device/MIDIClassDevice.o
                                                  ../LUFA/LUFA/Drivers/USB/Class/Device/MassStorageClassDevice.o
                                                  ../LUFA/LUFA/Drivers/USB/Class/Device/HIDClassDevice.o
                                                  ../LUFA/LUFA/Drivers/USB/Class/Device/CDCClassDevice.o
                                                  ../LUFA/LUFA/Drivers/USB/Class/Device/AudioClassDevice.o
Endpoint_ConfigureEndpoint_Prv                    ../LUFA/LUFA/Drivers/USB/Core/AVR8/Endpoint_AVR8.o
                                                  ../LUFA/LUFA/Drivers/USB/Core/AVR8/USBInterrupt_AVR8.o
                                                  ../LUFA/LUFA/Drivers/USB/Core/AVR8/USBController_AVR8.o
Endpoint_Discard_Stream                           ../LUFA/LUFA/Drivers/USB/Core/AVR8/EndpointStream_AVR8.o
Endpoint_Null_Stream                              ../LUFA/LUFA/Drivers/USB/Core/AVR8/EndpointStream_AVR8.o
Endpoint_Read_Control_EStream_BE                  ../LUFA/LUFA/Drivers/USB/Core/AVR8/EndpointStream_AVR8.o
Endpoint_Read_Control_EStream_LE                  ../LUFA/LUFA/Drivers/USB/Core/AVR8/EndpointStream_AVR8.o
Endpoint_Read_Control_Stream_BE                   ../LUFA/LUFA/Drivers/USB/Core/AVR8/EndpointStream_AVR8.o
Endpoint_Read_Control_Stream_LE                   ../LUFA/LUFA/Drivers/USB/Core/AVR8/EndpointStream_AVR8.o
                                                  ../LUFA/LUFA/Drivers/USB/Class/Device/RNDISClassDevice.o
                                                  ../LUFA/LUFA/Drivers/USB/Class/Device/HIDClassDevice.o
                                                  ../LUFA/LUFA/Drivers/USB/Class/Device/AudioClassDevice.o
Endpoint_Read_EStream_BE                          ../LUFA/LUFA/Drivers/USB/Core/AVR8/EndpointStream_AVR8.o
Endpoint_Read_EStream_LE                          ../LUFA/LUFA/Drivers/USB/Core/AVR8/EndpointStream_AVR8.o
Endpoint_Read_Stream_BE                           ../LUFA/LUFA/Drivers/USB/Core/AVR8/EndpointStream_AVR8.o
Endpoint_Read_Stream_LE                           ../LUFA/LUFA/Drivers/USB/Core/AVR8/EndpointStream_AVR8.o
                                                  ../LUFA/LUFA/Drivers/USB/Class/Device/RNDISClassDevice.o
                                                  ../LUFA/LUFA/Drivers/USB/Class/Device/MIDIClassDevice.o
                                                  ../LUFA/LUFA/Drivers/USB/Class/Device/MassStorageClassDevice.o
Endpoint_WaitUntilReady                           ../LUFA/LUFA/Drivers/USB/Core/AVR8/Endpoint_AVR8.o
                                                  ../LUFA/LUFA/Drivers/USB/Class/Device/RNDISClassDevice.o
                                                  ../LUFA/LUFA/Drivers/USB/Class/Device/PrinterClassDevice.o
                                                  ../LUFA/LUFA/Drivers/USB/Class/Device/MIDIClassDevice.o
                                                  ../LUFA/LUFA/Drivers/USB/Class/Device/CDCClassDevice.o
                                                  ../LUFA/LUFA/Drivers/USB/Core/AVR8/EndpointStream_AVR8.o
Endpoint_Write_Control_EStream_BE                 ../LUFA/LUFA/Drivers/USB/Core/AVR8/EndpointStream_AVR8.o
Endpoint_Write_Control_EStream_LE                 ../LUFA/LUFA/Drivers/USB/Core/AVR8/EndpointStream_AVR8.o
Endpoint_Write_Control_PStream_BE                 ../LUFA/LUFA/Drivers/USB/Core/AVR8/EndpointStream_AVR8.o
Endpoint_Write_Control_PStream_LE                 ../LUFA/LUFA/Drivers/USB/Core/AVR8/EndpointStream_AVR8.o
                                                  ../LUFA/LUFA/Drivers/USB/Core/DeviceStandardReq.o
Endpoint_Write_Control_Stream_BE                  ../LUFA/LUFA/Drivers/USB/Core/AVR8/EndpointStream_AVR8.o
Endpoint_Write_Control_Stream_LE                  ../LUFA/LUFA/Drivers/USB/Core/AVR8/EndpointStream_AVR8.o
                                                  ../LUFA/LUFA/Drivers/USB/Class/Device/RNDISClassDevice.o
                                                  ../LUFA/LUFA/Drivers/USB/Class/Device/PrinterClassDevice.o
                                                  ../LUFA/LUFA/Drivers/USB/Class/Device/HIDClassDevice.o
                                                  ../LUFA/LUFA/Drivers/USB/Class/Device/AudioClassDevice.o
                                                  ../LUFA/LUFA/Drivers/USB/Core/DeviceStandardReq.o
Endpoint_Write_EStream_BE                         ../LUFA/LUFA/Drivers/USB/Core/AVR8/EndpointStream_AVR8.o
Endpoint_Write_EStream_LE                         ../LUFA/LUFA/Drivers/USB/Core/AVR8/EndpointStream_AVR8.o
Endpoint_Write_PStream_BE                         ../LUFA/LUFA/Drivers/USB/Core/AVR8/EndpointStream_AVR8.o
Endpoint_Write_PStream_LE                         ../LUFA/LUFA/Drivers/USB/Core/AVR8/EndpointStream_AVR8.o
Endpoint_Write_Stream_BE                          ../LUFA/LUFA/Drivers/USB/Core/AVR8/EndpointStream_AVR8.o
Endpoint_Write_Stream_LE                          ../LUFA/LUFA/Drivers/USB/Core/AVR8/EndpointStream_AVR8.o
                                                  ../LUFA/LUFA/Drivers/USB/Class/Device/RNDISClassDevice.o
                                                  ../LUFA/LUFA/Drivers/USB/Class/Device/PrinterClassDevice.o
                                                  ../LUFA/LUFA/Drivers/USB/Class/Device/MIDIClassDevice.o
                                                  ../LUFA/LUFA/Drivers/USB/Class/Device/MassStorageClassDevice.o
                                                  ../LUFA/LUFA/Drivers/USB/Class/Device/HIDClassDevice.o
                                                  ../LUFA/LUFA/Drivers/USB/Class/Device/CDCClassDevice.o
HID_Device_ConfigureEndpoints                     ../LUFA/LUFA/Drivers/USB/Class/Device/HIDClassDevice.o
HID_Device_ProcessControlRequest                  ../LUFA/LUFA/Drivers/USB/Class/Device/HIDClassDevice.o
HID_Device_USBTask                                ../LUFA/LUFA/Drivers/USB/Class/Device/HIDClassDevice.o
LanguageString                                    Descriptors.o
MIDI_Device_ConfigureEndpoints                    ../LUFA/LUFA/Drivers/USB/Class/Device/MIDIClassDevice.o
MIDI_Device_Flush                                 ../LUFA/LUFA/Drivers/USB/Class/Device/MIDIClassDevice.o
MIDI_Device_ReceiveEventPacket                    ../LUFA/LUFA/Drivers/USB/Class/Device/MIDIClassDevice.o
MIDI_Device_SendEventPacket                       ../LUFA/LUFA/Drivers/USB/Class/Device/MIDIClassDevice.o
MIDI_Device_USBTask                               ../LUFA/LUFA/Drivers/USB/Class/Device/MIDIClassDevice.o
MS_Device_ConfigureEndpoints                      ../LUFA/LUFA/Drivers/USB/Class/Device/MassStorageClassDevice.o
MS_Device_ProcessControlRequest                   ../LUFA/LUFA/Drivers/USB/Class/Device/MassStorageClassDevice.o
MS_Device_USBTask                                 ../LUFA/LUFA/Drivers/USB/Class/Device/MassStorageClassDevice.o
ManufacturerString                                Descriptors.o
PORT8_SENSE                                       K7NVH_DC_PDU.o
PORT_DEF                                          K7NVH_DC_PDU.o
PORT_STATE                                        K7NVH_DC_PDU.o
PRNT_Device_BytesReceived                         ../LUFA/LUFA/Drivers/USB/Class/Device/PrinterClassDevice.o
PRNT_Device_ConfigureEndpoints                    ../LUFA/LUFA/Drivers/USB/Class/Device/PrinterClassDevice.o
PRNT_Device_CreateBlockingStream                  ../LUFA/LUFA/Drivers/USB/Class/Device/PrinterClassDevice.o
PRNT_Device_CreateStream                          ../LUFA/LUFA/Drivers/USB/Class/Device/PrinterClassDevice.o
PRNT_Device_Event_Stub                            ../LUFA/LUFA/Drivers/USB/Class/Device/PrinterClassDevice.o
PRNT_Device_Flush                                 ../LUFA/LUFA/Drivers/USB/Class/Device/PrinterClassDevice.o
PRNT_Device_ProcessControlRequest                 ../LUFA/LUFA/Drivers/USB/Class/Device/PrinterClassDevice.o
PRNT_Device_ReceiveByte                           ../LUFA/LUFA/Drivers/USB/Class/Device/PrinterClassDevice.o
PRNT_Device_SendByte                              ../LUFA/LUFA/Drivers/USB/Class/Device/PrinterClassDevice.o
PRNT_Device_SendData                              ../LUFA/LUFA/Drivers/USB/Class/Device/PrinterClassDevice.o
PRNT_Device_SendString                            ../LUFA/LUFA/Drivers/USB/Class/Device/PrinterClassDevice.o
PRNT_Device_USBTask                               ../LUFA/LUFA/Drivers/USB/Class/Device/PrinterClassDevice.o
ProductString                                     Descriptors.o
REF_V                                             K7NVH_DC_PDU.o
RNDIS_Device_ConfigureEndpoints                   ../LUFA/LUFA/Drivers/USB/Class/Device/RNDISClassDevice.o
RNDIS_Device_IsPacketReceived                     ../LUFA/LUFA/Drivers/USB/Class/Device/RNDISClassDevice.o
RNDIS_Device_ProcessControlRequest                ../LUFA/LUFA/Drivers/USB/Class/Device/RNDISClassDevice.o
RNDIS_Device_ReadPacket                           ../LUFA/LUFA/Drivers/USB/Class/Device/RNDISClassDevice.o
RNDIS_Device_SendPacket                           ../LUFA/LUFA/Drivers/USB/Class/Device/RNDISClassDevice.o
RNDIS_Device_USBTask                              ../LUFA/LUFA/Drivers/USB/Class/Device/RNDISClassDevice.o
STEP_V                                            K7NVH_DC_PDU.o
STR_Disabled                                      K7NVH_DC_PDU.o
STR_Enabled                                       K7NVH_DC_PDU.o
STR_NR_Port                                       K7NVH_DC_PDU.o
STR_Port_8_Sense                                  K7NVH_DC_PDU.o
STR_Port_Default                                  K7NVH_DC_PDU.o
STR_Port_Init                                     K7NVH_DC_PDU.o
USB_ControlRequest                                ../LUFA/LUFA/Drivers/USB/Class/Device/RNDISClassDevice.o
                                                  ../LUFA/LUFA/Drivers/USB/Class/Device/PrinterClassDevice.o
                                                  ../LUFA/LUFA/Drivers/USB/Class/Device/MassStorageClassDevice.o
                                                  ../LUFA/LUFA/Drivers/USB/Class/Device/HIDClassDevice.o
                                                  ../LUFA/LUFA/Drivers/USB/Class/Device/CDCClassDevice.o
                                                  ../LUFA/LUFA/Drivers/USB/Class/Device/AudioClassDevice.o
                                                  ../LUFA/LUFA/Drivers/USB/Core/USBTask.o
                                                  ../LUFA/LUFA/Drivers/USB/Core/DeviceStandardReq.o
                                                  ../LUFA/LUFA/Drivers/USB/Core/AVR8/Endpoint_AVR8.o
                                                  ../LUFA/LUFA/Drivers/USB/Core/AVR8/EndpointStream_AVR8.o
USB_DeviceState                                   ../LUFA/LUFA/Drivers/USB/Class/Device/RNDISClassDevice.o
                                                  ../LUFA/LUFA/Drivers/USB/Class/Device/PrinterClassDevice.o
                                                  ../LUFA/LUFA/Drivers/USB/Class/Device/MIDIClassDevice.o
                                                  ../LUFA/LUFA/Drivers/USB/Class/Device/MassStorageClassDevice.o
                                                  ../LUFA/LUFA/Drivers/USB/Class/Device/HIDClassDevice.o
                                                  ../LUFA/LUFA/Drivers/USB/Class/Device/CDCClassDevice.o
                                                  ../LUFA/LUFA/Drivers/USB/Core/USBTask.o
                                                  ../LUFA/LUFA/Drivers/USB/Core/DeviceStandardReq.o
                                                  ../LUFA/LUFA/Drivers/USB/Core/AVR8/USBInterrupt_AVR8.o
                                                  ../LUFA/LUFA/Drivers/USB/Core/AVR8/USBController_AVR8.o
                                                  ../LUFA/LUFA/Drivers/USB/Core/AVR8/Endpoint_AVR8.o
                                                  ../LUFA/LUFA/Drivers/USB/Core/AVR8/EndpointStream_AVR8.o
USB_Device_ConfigurationNumber                    ../LUFA/LUFA/Drivers/USB/Core/DeviceStandardReq.o
                                                  ../LUFA/LUFA/Drivers/USB/Core/AVR8/USBInterrupt_AVR8.o
                                                  ../LUFA/LUFA/Drivers/USB/Core/AVR8/USBController_AVR8.o
USB_Device_CurrentlySelfPowered                   ../LUFA/LUFA/Drivers/USB/Core/DeviceStandardReq.o
                                                  ../LUFA/LUFA/Drivers/USB/Core/AVR8/USBController_AVR8.o
USB_Device_ProcessControlRequest                  ../LUFA/LUFA/Drivers/USB/Core/DeviceStandardReq.o
                                                  ../LUFA/LUFA/Drivers/USB/Core/USBTask.o
                                                  ../LUFA/LUFA/Drivers/USB/Core/AVR8/USBInterrupt_AVR8.o
USB_Device_RemoteWakeupEnabled                    ../LUFA/LUFA/Drivers/USB/Core/DeviceStandardReq.o
                                                  ../LUFA/LUFA/Drivers/USB/Core/AVR8/USBController_AVR8.o
USB_Device_SendRemoteWakeup                       ../LUFA/LUFA/Drivers/USB/Core/AVR8/Device_AVR8.o
USB_Disable                                       ../LUFA/LUFA/Drivers/USB/Core/AVR8/USBController_AVR8.o
USB_Event_Stub                                    ../LUFA/LUFA/Drivers/USB/Core/Events.o
USB_GetHIDReportItemInfo                          ../LUFA/LUFA/Drivers/USB/Class/Common/HIDParser.o
USB_GetHIDReportSize                              ../LUFA/LUFA/Drivers/USB/Class/Common/HIDParser.o
USB_GetNextDescriptorComp                         ../LUFA/LUFA/Drivers/USB/Core/ConfigDescriptors.o
USB_GetNextDescriptorOfType                       ../LUFA/LUFA/Drivers/USB/Core/ConfigDescriptors.o
USB_GetNextDescriptorOfTypeAfter                  ../LUFA/LUFA/Drivers/USB/Core/ConfigDescriptors.o
USB_GetNextDescriptorOfTypeBefore                 ../LUFA/LUFA/Drivers/USB/Core/ConfigDescriptors.o
USB_INT_ClearAllInterrupts                        ../LUFA/LUFA/Drivers/USB/Core/AVR8/USBInterrupt_AVR8.o
                                                  ../LUFA/LUFA/Drivers/USB/Core/AVR8/USBController_AVR8.o
USB_INT_DisableAllInterrupts                      ../LUFA/LUFA/Drivers/USB/Core/AVR8/USBInterrupt_AVR8.o
                                                  ../LUFA/LUFA/Drivers/USB/Core/AVR8/USBController_AVR8.o
USB_Init                                          ../LUFA/LUFA/Drivers/USB/Core/AVR8/USBController_AVR8.o
                                                  K7NVH_DC_PDU.o
USB_IsInitialized                                 ../LUFA/LUFA/Drivers/USB/Core/USBTask.o
                                                  ../LUFA/LUFA/Drivers/USB/Core/AVR8/USBController_AVR8.o
USB_ProcessHIDReport                              ../LUFA/LUFA/Drivers/USB/Class/Common/HIDParser.o
USB_ResetInterface                                ../LUFA/LUFA/Drivers/USB/Core/AVR8/USBController_AVR8.o
USB_SetHIDReportItemInfo                          ../LUFA/LUFA/Drivers/USB/Class/Common/HIDParser.o
USB_USBTask                                       ../LUFA/LUFA/Drivers/USB/Core/USBTask.o
                                                  ../LUFA/LUFA/Drivers/USB/Class/Device/PrinterClassDevice.o
                                                  ../LUFA/LUFA/Drivers/USB/Class/Device/CDCClassDevice.o
                                                  K7NVH_DC_PDU.o
VirtualSerial_CDC_Interface                       K7NVH_DC_PDU.o
__bad_interrupt                                   /usr/local/CrossPack-AVR-20131216/lib/gcc/avr/4.8.1/../../../../avr/lib/avr35/crtm16u2.o
__bss_end                                         /usr/local/CrossPack-AVR-20131216/lib/gcc/avr/4.8.1/avr35/libgcc.a(_clear_bss.o)
__bss_start                                       /usr/local/CrossPack-AVR-20131216/lib/gcc/avr/4.8.1/avr35/libgcc.a(_clear_bss.o)
__cmpsf2                                          /usr/local/CrossPack-AVR-20131216/lib/gcc/avr/4.8.1/../../../../avr/lib/avr35/libm.a(cmpsf2.o)
__data_end                                        /usr/local/CrossPack-AVR-20131216/lib/gcc/avr/4.8.1/avr35/libgcc.a(_copy_data.o)
__data_load_start                                 /usr/local/CrossPack-AVR-20131216/lib/gcc/avr/4.8.1/avr35/libgcc.a(_copy_data.o)
__data_start                                      /usr/local/CrossPack-AVR-20131216/lib/gcc/avr/4.8.1/avr35/libgcc.a(_copy_data.o)
__divsf3                                          /usr/local/CrossPack-AVR-20131216/lib/gcc/avr/4.8.1/../../../../avr/lib/avr35/libm.a(divsf3.o)
                                                  K7NVH_DC_PDU.o
__divsf3_pse                                      /usr/local/CrossPack-AVR-20131216/lib/gcc/avr/4.8.1/../../../../avr/lib/avr35/libm.a(divsf3x.o)
__divsf3x                                         /usr/local/CrossPack-AVR-20131216/lib/gcc/avr/4.8.1/../../../../avr/lib/avr35/libm.a(divsf3x.o)
                                                  /usr/local/CrossPack-AVR-20131216/lib/gcc/avr/4.8.1/../../../../avr/lib/avr35/libm.a(divsf3.o)
__do_clear_bss                                    /usr/local/CrossPack-AVR-20131216/lib/gcc/avr/4.8.1/avr35/libgcc.a(_clear_bss.o)
                                                  ../LUFA/LUFA/Drivers/USB/Core/USBTask.o
                                                  ../LUFA/LUFA/Drivers/USB/Core/DeviceStandardReq.o
                                                  K7NVH_DC_PDU.o
__do_copy_data                                    /usr/local/CrossPack-AVR-20131216/lib/gcc/avr/4.8.1/avr35/libgcc.a(_copy_data.o)
                                                  ../LUFA/LUFA/Drivers/USB/Class/Device/RNDISClassDevice.o
                                                  ../LUFA/LUFA/Drivers/USB/Class/Device/CDCClassDevice.o
                                                  K7NVH_DC_PDU.o
__eerd_block_m16u2                                /usr/local/CrossPack-AVR-20131216/lib/gcc/avr/4.8.1/../../../../avr/lib/avr35/libc.a(eerd_block_atmega16u2.o)
                                                  K7NVH_DC_PDU.o
__eerd_blraw_m16u2                                /usr/local/CrossPack-AVR-20131216/lib/gcc/avr/4.8.1/../../../../avr/lib/avr35/libc.a(eerd_block_atmega16u2.o)
                                                  /usr/local/CrossPack-AVR-20131216/lib/gcc/avr/4.8.1/../../../../avr/lib/avr35/libc.a(eerd_dword_atmega16u2.o)
__eerd_byte_m16u2                                 /usr/local/CrossPack-AVR-20131216/lib/gcc/avr/4.8.1/../../../../avr/lib/avr35/libc.a(eerd_byte_atmega16u2.o)
                                                  ../LUFA/LUFA/Drivers/USB/Core/AVR8/EndpointStream_AVR8.o
                                                  K7NVH_DC_PDU.o
__eerd_dword_m16u2                                /usr/local/CrossPack-AVR-20131216/lib/gcc/avr/4.8.1/../../../../avr/lib/avr35/libc.a(eerd_dword_atmega16u2.o)
__eerd_float_m16u2                                /usr/local/CrossPack-AVR-20131216/lib/gcc/avr/4.8.1/../../../../avr/lib/avr35/libc.a(eerd_dword_atmega16u2.o)
                                                  K7NVH_DC_PDU.o
__eeupd_byte_m16u2                                /usr/local/CrossPack-AVR-20131216/lib/gcc/avr/4.8.1/../../../../avr/lib/avr35/libc.a(eeupd_byte_atmega16u2.o)
                                                  ../LUFA/LUFA/Drivers/USB/Core/AVR8/EndpointStream_AVR8.o
                                                  K7NVH_DC_PDU.o
__eeupd_r18_m16u2                                 /usr/local/CrossPack-AVR-20131216/lib/gcc/avr/4.8.1/../../../../avr/lib/avr35/libc.a(eeupd_byte_atmega16u2.o)
__epilogue_restores__                             /usr/local/CrossPack-AVR-20131216/lib/gcc/avr/4.8.1/avr35/libgcc.a(_epilogue.o)
                                                  /usr/local/CrossPack-AVR-20131216/lib/gcc/avr/4.8.1/../../../../avr/lib/avr35/libc.a(fprintf.o)
                                                  /usr/local/CrossPack-AVR-20131216/lib/gcc/avr/4.8.1/../../../../avr/lib/avr35/libprintf_flt.a(vfprintf_flt.o)
__eqsf2                                           /usr/local/CrossPack-AVR-20131216/lib/gcc/avr/4.8.1/../../../../avr/lib/avr35/libm.a(cmpsf2.o)
__floatsisf                                       /usr/local/CrossPack-AVR-20131216/lib/gcc/avr/4.8.1/../../../../avr/lib/avr35/libm.a(floatsisf.o)
__floatunsisf                                     /usr/local/CrossPack-AVR-20131216/lib/gcc/avr/4.8.1/../../../../avr/lib/avr35/libm.a(floatsisf.o)
                                                  K7NVH_DC_PDU.o
__fp_cmp                                          /usr/local/CrossPack-AVR-20131216/lib/gcc/avr/4.8.1/../../../../avr/lib/avr35/libm.a(fp_cmp.o)
                                                  /usr/local/CrossPack-AVR-20131216/lib/gcc/avr/4.8.1/../../../../avr/lib/avr35/libm.a(unordsf2.o)
                                                  /usr/local/CrossPack-AVR-20131216/lib/gcc/avr/4.8.1/../../../../avr/lib/avr35/libm.a(gesf2.o)
                                                  /usr/local/CrossPack-AVR-20131216/lib/gcc/avr/4.8.1/../../../../avr/lib/avr35/libm.a(cmpsf2.o)
__fp_inf                                          /usr/local/CrossPack-AVR-20131216/lib/gcc/avr/4.8.1/../../../../avr/lib/avr35/libm.a(fp_inf.o)
                                                  /usr/local/CrossPack-AVR-20131216/lib/gcc/avr/4.8.1/../../../../avr/lib/avr35/libm.a(mulsf3x.o)
                                                  /usr/local/CrossPack-AVR-20131216/lib/gcc/avr/4.8.1/../../../../avr/lib/avr35/libm.a(divsf3x.o)
__fp_nan                                          /usr/local/CrossPack-AVR-20131216/lib/gcc/avr/4.8.1/../../../../avr/lib/avr35/libm.a(fp_nan.o)
                                                  /usr/local/CrossPack-AVR-20131216/lib/gcc/avr/4.8.1/../../../../avr/lib/avr35/libm.a(mulsf3x.o)
                                                  /usr/local/CrossPack-AVR-20131216/lib/gcc/avr/4.8.1/../../../../avr/lib/avr35/libm.a(divsf3x.o)
__fp_pscA                                         /usr/local/CrossPack-AVR-20131216/lib/gcc/avr/4.8.1/../../../../avr/lib/avr35/libm.a(fp_pscA.o)
                                                  /usr/local/CrossPack-AVR-20131216/lib/gcc/avr/4.8.1/../../../../avr/lib/avr35/libm.a(mulsf3x.o)
                                                  /usr/local/CrossPack-AVR-20131216/lib/gcc/avr/4.8.1/../../../../avr/lib/avr35/libm.a(divsf3x.o)
__fp_pscB                                         /usr/local/CrossPack-AVR-20131216/lib/gcc/avr/4.8.1/../../../../avr/lib/avr35/libm.a(fp_pscB.o)
                                                  /usr/local/CrossPack-AVR-20131216/lib/gcc/avr/4.8.1/../../../../avr/lib/avr35/libm.a(mulsf3x.o)
                                                  /usr/local/CrossPack-AVR-20131216/lib/gcc/avr/4.8.1/../../../../avr/lib/avr35/libm.a(divsf3x.o)
__fp_round                                        /usr/local/CrossPack-AVR-20131216/lib/gcc/avr/4.8.1/../../../../avr/lib/avr35/libm.a(fp_round.o)
                                                  /usr/local/CrossPack-AVR-20131216/lib/gcc/avr/4.8.1/../../../../avr/lib/avr35/libm.a(mulsf3.o)
                                                  /usr/local/CrossPack-AVR-20131216/lib/gcc/avr/4.8.1/../../../../avr/lib/avr35/libm.a(divsf3.o)
__fp_split3                                       /usr/local/CrossPack-AVR-20131216/lib/gcc/avr/4.8.1/../../../../avr/lib/avr35/libm.a(fp_split3.o)
                                                  /usr/local/CrossPack-AVR-20131216/lib/gcc/avr/4.8.1/../../../../avr/lib/avr35/libm.a(mulsf3x.o)
                                                  /usr/local/CrossPack-AVR-20131216/lib/gcc/avr/4.8.1/../../../../avr/lib/avr35/libm.a(divsf3x.o)
__fp_splitA                                       /usr/local/CrossPack-AVR-20131216/lib/gcc/avr/4.8.1/../../../../avr/lib/avr35/libm.a(fp_split3.o)
__fp_szero                                        /usr/local/CrossPack-AVR-20131216/lib/gcc/avr/4.8.1/../../../../avr/lib/avr35/libm.a(fp_zero.o)
                                                  /usr/local/CrossPack-AVR-20131216/lib/gcc/avr/4.8.1/../../../../avr/lib/avr35/libm.a(mulsf3x.o)
                                                  /usr/local/CrossPack-AVR-20131216/lib/gcc/avr/4.8.1/../../../../avr/lib/avr35/libm.a(divsf3x.o)
__fp_zero                                         /usr/local/CrossPack-AVR-20131216/lib/gcc/avr/4.8.1/../../../../avr/lib/avr35/libm.a(fp_zero.o)
__ftoa_engine                                     /usr/local/CrossPack-AVR-20131216/lib/gcc/avr/4.8.1/../../../../avr/lib/avr35/libc.a(ftoa_engine.o)